Archive member included to satisfy reference by file (symbol)

c:/st/stm32cubeide_1.5.0/stm32cubeide/plugins/com.st.stm32cube.ide.mcu.externaltools.gnu-tools-for-stm32.7-2018-q2-update.win32_1.5.0.202011040924/tools/bin/../lib/gcc/arm-none-eabi/7.3.1/../../../../arm-none-eabi/lib/thumb/v7-m\libc_nano.a(lib_a-exit.o)
                              c:/st/stm32cubeide_1.5.0/stm32cubeide/plugins/com.st.stm32cube.ide.mcu.externaltools.gnu-tools-for-stm32.7-2018-q2-update.win32_1.5.0.202011040924/tools/bin/../lib/gcc/arm-none-eabi/7.3.1/../../../../arm-none-eabi/lib/thumb/v7-m/crt0.o (exit)
c:/st/stm32cubeide_1.5.0/stm32cubeide/plugins/com.st.stm32cube.ide.mcu.externaltools.gnu-tools-for-stm32.7-2018-q2-update.win32_1.5.0.202011040924/tools/bin/../lib/gcc/arm-none-eabi/7.3.1/../../../../arm-none-eabi/lib/thumb/v7-m\libc_nano.a(lib_a-impure.o)
                              c:/st/stm32cubeide_1.5.0/stm32cubeide/plugins/com.st.stm32cube.ide.mcu.externaltools.gnu-tools-for-stm32.7-2018-q2-update.win32_1.5.0.202011040924/tools/bin/../lib/gcc/arm-none-eabi/7.3.1/../../../../arm-none-eabi/lib/thumb/v7-m\libc_nano.a(lib_a-exit.o) (_global_impure_ptr)
c:/st/stm32cubeide_1.5.0/stm32cubeide/plugins/com.st.stm32cube.ide.mcu.externaltools.gnu-tools-for-stm32.7-2018-q2-update.win32_1.5.0.202011040924/tools/bin/../lib/gcc/arm-none-eabi/7.3.1/../../../../arm-none-eabi/lib/thumb/v7-m\libc_nano.a(lib_a-init.o)
                              c:/st/stm32cubeide_1.5.0/stm32cubeide/plugins/com.st.stm32cube.ide.mcu.externaltools.gnu-tools-for-stm32.7-2018-q2-update.win32_1.5.0.202011040924/tools/bin/../lib/gcc/arm-none-eabi/7.3.1/../../../../arm-none-eabi/lib/thumb/v7-m/crt0.o (__libc_init_array)
c:/st/stm32cubeide_1.5.0/stm32cubeide/plugins/com.st.stm32cube.ide.mcu.externaltools.gnu-tools-for-stm32.7-2018-q2-update.win32_1.5.0.202011040924/tools/bin/../lib/gcc/arm-none-eabi/7.3.1/../../../../arm-none-eabi/lib/thumb/v7-m\libc_nano.a(lib_a-memset.o)
                              c:/st/stm32cubeide_1.5.0/stm32cubeide/plugins/com.st.stm32cube.ide.mcu.externaltools.gnu-tools-for-stm32.7-2018-q2-update.win32_1.5.0.202011040924/tools/bin/../lib/gcc/arm-none-eabi/7.3.1/../../../../arm-none-eabi/lib/thumb/v7-m/crt0.o (memset)
c:/st/stm32cubeide_1.5.0/stm32cubeide/plugins/com.st.stm32cube.ide.mcu.externaltools.gnu-tools-for-stm32.7-2018-q2-update.win32_1.5.0.202011040924/tools/bin/../lib/gcc/arm-none-eabi/7.3.1/../../../../arm-none-eabi/lib/thumb/v7-m\libnosys.a(_exit.o)
                              c:/st/stm32cubeide_1.5.0/stm32cubeide/plugins/com.st.stm32cube.ide.mcu.externaltools.gnu-tools-for-stm32.7-2018-q2-update.win32_1.5.0.202011040924/tools/bin/../lib/gcc/arm-none-eabi/7.3.1/../../../../arm-none-eabi/lib/thumb/v7-m\libc_nano.a(lib_a-exit.o) (_exit)

Allocating common symbols
Common symbol       size              file

b                   0x4               Src/main.o

Discarded input sections

 .text          0x0000000000000000        0x0 c:/st/stm32cubeide_1.5.0/stm32cubeide/plugins/com.st.stm32cube.ide.mcu.externaltools.gnu-tools-for-stm32.7-2018-q2-update.win32_1.5.0.202011040924/tools/bin/../lib/gcc/arm-none-eabi/7.3.1/thumb/v7-m/crti.o
 .data          0x0000000000000000        0x0 c:/st/stm32cubeide_1.5.0/stm32cubeide/plugins/com.st.stm32cube.ide.mcu.externaltools.gnu-tools-for-stm32.7-2018-q2-update.win32_1.5.0.202011040924/tools/bin/../lib/gcc/arm-none-eabi/7.3.1/thumb/v7-m/crti.o
 .bss           0x0000000000000000        0x0 c:/st/stm32cubeide_1.5.0/stm32cubeide/plugins/com.st.stm32cube.ide.mcu.externaltools.gnu-tools-for-stm32.7-2018-q2-update.win32_1.5.0.202011040924/tools/bin/../lib/gcc/arm-none-eabi/7.3.1/thumb/v7-m/crti.o
 .text          0x0000000000000000       0x40 c:/st/stm32cubeide_1.5.0/stm32cubeide/plugins/com.st.stm32cube.ide.mcu.externaltools.gnu-tools-for-stm32.7-2018-q2-update.win32_1.5.0.202011040924/tools/bin/../lib/gcc/arm-none-eabi/7.3.1/thumb/v7-m/crtbegin.o
 .data          0x0000000000000000        0x4 c:/st/stm32cubeide_1.5.0/stm32cubeide/plugins/com.st.stm32cube.ide.mcu.externaltools.gnu-tools-for-stm32.7-2018-q2-update.win32_1.5.0.202011040924/tools/bin/../lib/gcc/arm-none-eabi/7.3.1/thumb/v7-m/crtbegin.o
 .bss           0x0000000000000000       0x1c c:/st/stm32cubeide_1.5.0/stm32cubeide/plugins/com.st.stm32cube.ide.mcu.externaltools.gnu-tools-for-stm32.7-2018-q2-update.win32_1.5.0.202011040924/tools/bin/../lib/gcc/arm-none-eabi/7.3.1/thumb/v7-m/crtbegin.o
 .init_array    0x0000000000000000        0x4 c:/st/stm32cubeide_1.5.0/stm32cubeide/plugins/com.st.stm32cube.ide.mcu.externaltools.gnu-tools-for-stm32.7-2018-q2-update.win32_1.5.0.202011040924/tools/bin/../lib/gcc/arm-none-eabi/7.3.1/thumb/v7-m/crtbegin.o
 .fini_array    0x0000000000000000        0x4 c:/st/stm32cubeide_1.5.0/stm32cubeide/plugins/com.st.stm32cube.ide.mcu.externaltools.gnu-tools-for-stm32.7-2018-q2-update.win32_1.5.0.202011040924/tools/bin/../lib/gcc/arm-none-eabi/7.3.1/thumb/v7-m/crtbegin.o
 .eh_frame      0x0000000000000000        0x0 c:/st/stm32cubeide_1.5.0/stm32cubeide/plugins/com.st.stm32cube.ide.mcu.externaltools.gnu-tools-for-stm32.7-2018-q2-update.win32_1.5.0.202011040924/tools/bin/../lib/gcc/arm-none-eabi/7.3.1/thumb/v7-m/crtbegin.o
 .ARM.attributes
                0x0000000000000000       0x2d c:/st/stm32cubeide_1.5.0/stm32cubeide/plugins/com.st.stm32cube.ide.mcu.externaltools.gnu-tools-for-stm32.7-2018-q2-update.win32_1.5.0.202011040924/tools/bin/../lib/gcc/arm-none-eabi/7.3.1/thumb/v7-m/crtbegin.o
 .text          0x0000000000000000       0x74 c:/st/stm32cubeide_1.5.0/stm32cubeide/plugins/com.st.stm32cube.ide.mcu.externaltools.gnu-tools-for-stm32.7-2018-q2-update.win32_1.5.0.202011040924/tools/bin/../lib/gcc/arm-none-eabi/7.3.1/../../../../arm-none-eabi/lib/thumb/v7-m/crt0.o
 .data          0x0000000000000000        0x0 c:/st/stm32cubeide_1.5.0/stm32cubeide/plugins/com.st.stm32cube.ide.mcu.externaltools.gnu-tools-for-stm32.7-2018-q2-update.win32_1.5.0.202011040924/tools/bin/../lib/gcc/arm-none-eabi/7.3.1/../../../../arm-none-eabi/lib/thumb/v7-m/crt0.o
 .bss           0x0000000000000000        0x0 c:/st/stm32cubeide_1.5.0/stm32cubeide/plugins/com.st.stm32cube.ide.mcu.externaltools.gnu-tools-for-stm32.7-2018-q2-update.win32_1.5.0.202011040924/tools/bin/../lib/gcc/arm-none-eabi/7.3.1/../../../../arm-none-eabi/lib/thumb/v7-m/crt0.o
 .ARM.extab     0x0000000000000000        0x0 c:/st/stm32cubeide_1.5.0/stm32cubeide/plugins/com.st.stm32cube.ide.mcu.externaltools.gnu-tools-for-stm32.7-2018-q2-update.win32_1.5.0.202011040924/tools/bin/../lib/gcc/arm-none-eabi/7.3.1/../../../../arm-none-eabi/lib/thumb/v7-m/crt0.o
 .ARM.exidx     0x0000000000000000        0x8 c:/st/stm32cubeide_1.5.0/stm32cubeide/plugins/com.st.stm32cube.ide.mcu.externaltools.gnu-tools-for-stm32.7-2018-q2-update.win32_1.5.0.202011040924/tools/bin/../lib/gcc/arm-none-eabi/7.3.1/../../../../arm-none-eabi/lib/thumb/v7-m/crt0.o
 .ARM.attributes
                0x0000000000000000       0x1b c:/st/stm32cubeide_1.5.0/stm32cubeide/plugins/com.st.stm32cube.ide.mcu.externaltools.gnu-tools-for-stm32.7-2018-q2-update.win32_1.5.0.202011040924/tools/bin/../lib/gcc/arm-none-eabi/7.3.1/../../../../arm-none-eabi/lib/thumb/v7-m/crt0.o
 .group         0x0000000000000000        0xc Src/main.o
 .group         0x0000000000000000        0xc Src/main.o
 .group         0x0000000000000000        0xc Src/main.o
 .text          0x0000000000000000        0x0 Src/main.o
 .data          0x0000000000000000        0x0 Src/main.o
 .bss           0x0000000000000000        0x0 Src/main.o
 .bss.i         0x0000000000000000        0x4 Src/main.o
 .data.a        0x0000000000000000        0x4 Src/main.o
 .data.c        0x0000000000000000        0x4 Src/main.o
 .data.effefd   0x0000000000000000        0x4 Src/main.o
 COMMON         0x0000000000000000        0x4 Src/main.o
 .group         0x0000000000000000        0xc Src/stm32f103c8_driver.o
 .group         0x0000000000000000        0xc Src/stm32f103c8_driver.o
 .group         0x0000000000000000        0xc Src/stm32f103c8_driver.o
 .text          0x0000000000000000        0x0 Src/stm32f103c8_driver.o
 .data          0x0000000000000000        0x0 Src/stm32f103c8_driver.o
 .bss           0x0000000000000000        0x0 Src/stm32f103c8_driver.o
 .text.UARTConf
                0x0000000000000000       0x90 Src/stm32f103c8_driver.o
 .debug_macro   0x0000000000000000      0xa60 Src/stm32f103c8_driver.o
 .debug_macro   0x0000000000000000       0x16 Src/stm32f103c8_driver.o
 .debug_macro   0x0000000000000000       0x40 Src/stm32f103c8_driver.o
 .group         0x0000000000000000        0xc Startup/startup_stm32f103c8.o
 .group         0x0000000000000000        0xc Startup/startup_stm32f103c8.o
 .group         0x0000000000000000        0xc Startup/startup_stm32f103c8.o
 .group         0x0000000000000000        0xc Startup/startup_stm32f103c8.o
 .group         0x0000000000000000        0xc Startup/startup_stm32f103c8.o
 .group         0x0000000000000000        0xc Startup/startup_stm32f103c8.o
 .group         0x0000000000000000        0xc Startup/startup_stm32f103c8.o
 .group         0x0000000000000000        0xc Startup/startup_stm32f103c8.o
 .text          0x0000000000000000        0x0 Startup/startup_stm32f103c8.o
 .data          0x0000000000000000        0x0 Startup/startup_stm32f103c8.o
 .bss           0x0000000000000000        0x0 Startup/startup_stm32f103c8.o
 .debug_macro   0x0000000000000000      0xa60 Startup/startup_stm32f103c8.o
 .debug_macro   0x0000000000000000       0x16 Startup/startup_stm32f103c8.o
 .text          0x0000000000000000        0x0 c:/st/stm32cubeide_1.5.0/stm32cubeide/plugins/com.st.stm32cube.ide.mcu.externaltools.gnu-tools-for-stm32.7-2018-q2-update.win32_1.5.0.202011040924/tools/bin/../lib/gcc/arm-none-eabi/7.3.1/../../../../arm-none-eabi/lib/thumb/v7-m\libc_nano.a(lib_a-exit.o)
 .data          0x0000000000000000        0x0 c:/st/stm32cubeide_1.5.0/stm32cubeide/plugins/com.st.stm32cube.ide.mcu.externaltools.gnu-tools-for-stm32.7-2018-q2-update.win32_1.5.0.202011040924/tools/bin/../lib/gcc/arm-none-eabi/7.3.1/../../../../arm-none-eabi/lib/thumb/v7-m\libc_nano.a(lib_a-exit.o)
 .bss           0x0000000000000000        0x0 c:/st/stm32cubeide_1.5.0/stm32cubeide/plugins/com.st.stm32cube.ide.mcu.externaltools.gnu-tools-for-stm32.7-2018-q2-update.win32_1.5.0.202011040924/tools/bin/../lib/gcc/arm-none-eabi/7.3.1/../../../../arm-none-eabi/lib/thumb/v7-m\libc_nano.a(lib_a-exit.o)
 .text.exit     0x0000000000000000       0x28 c:/st/stm32cubeide_1.5.0/stm32cubeide/plugins/com.st.stm32cube.ide.mcu.externaltools.gnu-tools-for-stm32.7-2018-q2-update.win32_1.5.0.202011040924/tools/bin/../lib/gcc/arm-none-eabi/7.3.1/../../../../arm-none-eabi/lib/thumb/v7-m\libc_nano.a(lib_a-exit.o)
 .debug_frame   0x0000000000000000       0x28 c:/st/stm32cubeide_1.5.0/stm32cubeide/plugins/com.st.stm32cube.ide.mcu.externaltools.gnu-tools-for-stm32.7-2018-q2-update.win32_1.5.0.202011040924/tools/bin/../lib/gcc/arm-none-eabi/7.3.1/../../../../arm-none-eabi/lib/thumb/v7-m\libc_nano.a(lib_a-exit.o)
 .ARM.attributes
                0x0000000000000000       0x2d c:/st/stm32cubeide_1.5.0/stm32cubeide/plugins/com.st.stm32cube.ide.mcu.externaltools.gnu-tools-for-stm32.7-2018-q2-update.win32_1.5.0.202011040924/tools/bin/../lib/gcc/arm-none-eabi/7.3.1/../../../../arm-none-eabi/lib/thumb/v7-m\libc_nano.a(lib_a-exit.o)
 .text          0x0000000000000000        0x0 c:/st/stm32cubeide_1.5.0/stm32cubeide/plugins/com.st.stm32cube.ide.mcu.externaltools.gnu-tools-for-stm32.7-2018-q2-update.win32_1.5.0.202011040924/tools/bin/../lib/gcc/arm-none-eabi/7.3.1/../../../../arm-none-eabi/lib/thumb/v7-m\libc_nano.a(lib_a-impure.o)
 .data          0x0000000000000000        0x0 c:/st/stm32cubeide_1.5.0/stm32cubeide/plugins/com.st.stm32cube.ide.mcu.externaltools.gnu-tools-for-stm32.7-2018-q2-update.win32_1.5.0.202011040924/tools/bin/../lib/gcc/arm-none-eabi/7.3.1/../../../../arm-none-eabi/lib/thumb/v7-m\libc_nano.a(lib_a-impure.o)
 .bss           0x0000000000000000        0x0 c:/st/stm32cubeide_1.5.0/stm32cubeide/plugins/com.st.stm32cube.ide.mcu.externaltools.gnu-tools-for-stm32.7-2018-q2-update.win32_1.5.0.202011040924/tools/bin/../lib/gcc/arm-none-eabi/7.3.1/../../../../arm-none-eabi/lib/thumb/v7-m\libc_nano.a(lib_a-impure.o)
 .data._impure_ptr
                0x0000000000000000        0x4 c:/st/stm32cubeide_1.5.0/stm32cubeide/plugins/com.st.stm32cube.ide.mcu.externaltools.gnu-tools-for-stm32.7-2018-q2-update.win32_1.5.0.202011040924/tools/bin/../lib/gcc/arm-none-eabi/7.3.1/../../../../arm-none-eabi/lib/thumb/v7-m\libc_nano.a(lib_a-impure.o)
 .data.impure_data
                0x0000000000000000       0x60 c:/st/stm32cubeide_1.5.0/stm32cubeide/plugins/com.st.stm32cube.ide.mcu.externaltools.gnu-tools-for-stm32.7-2018-q2-update.win32_1.5.0.202011040924/tools/bin/../lib/gcc/arm-none-eabi/7.3.1/../../../../arm-none-eabi/lib/thumb/v7-m\libc_nano.a(lib_a-impure.o)
 .rodata._global_impure_ptr
                0x0000000000000000        0x4 c:/st/stm32cubeide_1.5.0/stm32cubeide/plugins/com.st.stm32cube.ide.mcu.externaltools.gnu-tools-for-stm32.7-2018-q2-update.win32_1.5.0.202011040924/tools/bin/../lib/gcc/arm-none-eabi/7.3.1/../../../../arm-none-eabi/lib/thumb/v7-m\libc_nano.a(lib_a-impure.o)
 .ARM.attributes
                0x0000000000000000       0x2d c:/st/stm32cubeide_1.5.0/stm32cubeide/plugins/com.st.stm32cube.ide.mcu.externaltools.gnu-tools-for-stm32.7-2018-q2-update.win32_1.5.0.202011040924/tools/bin/../lib/gcc/arm-none-eabi/7.3.1/../../../../arm-none-eabi/lib/thumb/v7-m\libc_nano.a(lib_a-impure.o)
 .text          0x0000000000000000        0x0 c:/st/stm32cubeide_1.5.0/stm32cubeide/plugins/com.st.stm32cube.ide.mcu.externaltools.gnu-tools-for-stm32.7-2018-q2-update.win32_1.5.0.202011040924/tools/bin/../lib/gcc/arm-none-eabi/7.3.1/../../../../arm-none-eabi/lib/thumb/v7-m\libc_nano.a(lib_a-init.o)
 .data          0x0000000000000000        0x0 c:/st/stm32cubeide_1.5.0/stm32cubeide/plugins/com.st.stm32cube.ide.mcu.externaltools.gnu-tools-for-stm32.7-2018-q2-update.win32_1.5.0.202011040924/tools/bin/../lib/gcc/arm-none-eabi/7.3.1/../../../../arm-none-eabi/lib/thumb/v7-m\libc_nano.a(lib_a-init.o)
 .bss           0x0000000000000000        0x0 c:/st/stm32cubeide_1.5.0/stm32cubeide/plugins/com.st.stm32cube.ide.mcu.externaltools.gnu-tools-for-stm32.7-2018-q2-update.win32_1.5.0.202011040924/tools/bin/../lib/gcc/arm-none-eabi/7.3.1/../../../../arm-none-eabi/lib/thumb/v7-m\libc_nano.a(lib_a-init.o)
 .text.__libc_init_array
                0x0000000000000000       0x48 c:/st/stm32cubeide_1.5.0/stm32cubeide/plugins/com.st.stm32cube.ide.mcu.externaltools.gnu-tools-for-stm32.7-2018-q2-update.win32_1.5.0.202011040924/tools/bin/../lib/gcc/arm-none-eabi/7.3.1/../../../../arm-none-eabi/lib/thumb/v7-m\libc_nano.a(lib_a-init.o)
 .debug_frame   0x0000000000000000       0x2c c:/st/stm32cubeide_1.5.0/stm32cubeide/plugins/com.st.stm32cube.ide.mcu.externaltools.gnu-tools-for-stm32.7-2018-q2-update.win32_1.5.0.202011040924/tools/bin/../lib/gcc/arm-none-eabi/7.3.1/../../../../arm-none-eabi/lib/thumb/v7-m\libc_nano.a(lib_a-init.o)
 .ARM.attributes
                0x0000000000000000       0x2d c:/st/stm32cubeide_1.5.0/stm32cubeide/plugins/com.st.stm32cube.ide.mcu.externaltools.gnu-tools-for-stm32.7-2018-q2-update.win32_1.5.0.202011040924/tools/bin/../lib/gcc/arm-none-eabi/7.3.1/../../../../arm-none-eabi/lib/thumb/v7-m\libc_nano.a(lib_a-init.o)
 .text          0x0000000000000000        0x0 c:/st/stm32cubeide_1.5.0/stm32cubeide/plugins/com.st.stm32cube.ide.mcu.externaltools.gnu-tools-for-stm32.7-2018-q2-update.win32_1.5.0.202011040924/tools/bin/../lib/gcc/arm-none-eabi/7.3.1/../../../../arm-none-eabi/lib/thumb/v7-m\libc_nano.a(lib_a-memset.o)
 .data          0x0000000000000000        0x0 c:/st/stm32cubeide_1.5.0/stm32cubeide/plugins/com.st.stm32cube.ide.mcu.externaltools.gnu-tools-for-stm32.7-2018-q2-update.win32_1.5.0.202011040924/tools/bin/../lib/gcc/arm-none-eabi/7.3.1/../../../../arm-none-eabi/lib/thumb/v7-m\libc_nano.a(lib_a-memset.o)
 .bss           0x0000000000000000        0x0 c:/st/stm32cubeide_1.5.0/stm32cubeide/plugins/com.st.stm32cube.ide.mcu.externaltools.gnu-tools-for-stm32.7-2018-q2-update.win32_1.5.0.202011040924/tools/bin/../lib/gcc/arm-none-eabi/7.3.1/../../../../arm-none-eabi/lib/thumb/v7-m\libc_nano.a(lib_a-memset.o)
 .text.memset   0x0000000000000000       0x10 c:/st/stm32cubeide_1.5.0/stm32cubeide/plugins/com.st.stm32cube.ide.mcu.externaltools.gnu-tools-for-stm32.7-2018-q2-update.win32_1.5.0.202011040924/tools/bin/../lib/gcc/arm-none-eabi/7.3.1/../../../../arm-none-eabi/lib/thumb/v7-m\libc_nano.a(lib_a-memset.o)
 .debug_frame   0x0000000000000000       0x20 c:/st/stm32cubeide_1.5.0/stm32cubeide/plugins/com.st.stm32cube.ide.mcu.externaltools.gnu-tools-for-stm32.7-2018-q2-update.win32_1.5.0.202011040924/tools/bin/../lib/gcc/arm-none-eabi/7.3.1/../../../../arm-none-eabi/lib/thumb/v7-m\libc_nano.a(lib_a-memset.o)
 .ARM.attributes
                0x0000000000000000       0x2d c:/st/stm32cubeide_1.5.0/stm32cubeide/plugins/com.st.stm32cube.ide.mcu.externaltools.gnu-tools-for-stm32.7-2018-q2-update.win32_1.5.0.202011040924/tools/bin/../lib/gcc/arm-none-eabi/7.3.1/../../../../arm-none-eabi/lib/thumb/v7-m\libc_nano.a(lib_a-memset.o)
 .text          0x0000000000000000        0x0 c:/st/stm32cubeide_1.5.0/stm32cubeide/plugins/com.st.stm32cube.ide.mcu.externaltools.gnu-tools-for-stm32.7-2018-q2-update.win32_1.5.0.202011040924/tools/bin/../lib/gcc/arm-none-eabi/7.3.1/../../../../arm-none-eabi/lib/thumb/v7-m\libnosys.a(_exit.o)
 .data          0x0000000000000000        0x0 c:/st/stm32cubeide_1.5.0/stm32cubeide/plugins/com.st.stm32cube.ide.mcu.externaltools.gnu-tools-for-stm32.7-2018-q2-update.win32_1.5.0.202011040924/tools/bin/../lib/gcc/arm-none-eabi/7.3.1/../../../../arm-none-eabi/lib/thumb/v7-m\libnosys.a(_exit.o)
 .bss           0x0000000000000000        0x0 c:/st/stm32cubeide_1.5.0/stm32cubeide/plugins/com.st.stm32cube.ide.mcu.externaltools.gnu-tools-for-stm32.7-2018-q2-update.win32_1.5.0.202011040924/tools/bin/../lib/gcc/arm-none-eabi/7.3.1/../../../../arm-none-eabi/lib/thumb/v7-m\libnosys.a(_exit.o)
 .text._exit    0x0000000000000000        0x2 c:/st/stm32cubeide_1.5.0/stm32cubeide/plugins/com.st.stm32cube.ide.mcu.externaltools.gnu-tools-for-stm32.7-2018-q2-update.win32_1.5.0.202011040924/tools/bin/../lib/gcc/arm-none-eabi/7.3.1/../../../../arm-none-eabi/lib/thumb/v7-m\libnosys.a(_exit.o)
 .debug_frame   0x0000000000000000       0x20 c:/st/stm32cubeide_1.5.0/stm32cubeide/plugins/com.st.stm32cube.ide.mcu.externaltools.gnu-tools-for-stm32.7-2018-q2-update.win32_1.5.0.202011040924/tools/bin/../lib/gcc/arm-none-eabi/7.3.1/../../../../arm-none-eabi/lib/thumb/v7-m\libnosys.a(_exit.o)
 .ARM.attributes
                0x0000000000000000       0x2d c:/st/stm32cubeide_1.5.0/stm32cubeide/plugins/com.st.stm32cube.ide.mcu.externaltools.gnu-tools-for-stm32.7-2018-q2-update.win32_1.5.0.202011040924/tools/bin/../lib/gcc/arm-none-eabi/7.3.1/../../../../arm-none-eabi/lib/thumb/v7-m\libnosys.a(_exit.o)
 .text          0x0000000000000000        0x0 c:/st/stm32cubeide_1.5.0/stm32cubeide/plugins/com.st.stm32cube.ide.mcu.externaltools.gnu-tools-for-stm32.7-2018-q2-update.win32_1.5.0.202011040924/tools/bin/../lib/gcc/arm-none-eabi/7.3.1/thumb/v7-m/crtend.o
 .data          0x0000000000000000        0x0 c:/st/stm32cubeide_1.5.0/stm32cubeide/plugins/com.st.stm32cube.ide.mcu.externaltools.gnu-tools-for-stm32.7-2018-q2-update.win32_1.5.0.202011040924/tools/bin/../lib/gcc/arm-none-eabi/7.3.1/thumb/v7-m/crtend.o
 .bss           0x0000000000000000        0x0 c:/st/stm32cubeide_1.5.0/stm32cubeide/plugins/com.st.stm32cube.ide.mcu.externaltools.gnu-tools-for-stm32.7-2018-q2-update.win32_1.5.0.202011040924/tools/bin/../lib/gcc/arm-none-eabi/7.3.1/thumb/v7-m/crtend.o
 .eh_frame      0x0000000000000000        0x4 c:/st/stm32cubeide_1.5.0/stm32cubeide/plugins/com.st.stm32cube.ide.mcu.externaltools.gnu-tools-for-stm32.7-2018-q2-update.win32_1.5.0.202011040924/tools/bin/../lib/gcc/arm-none-eabi/7.3.1/thumb/v7-m/crtend.o
 .ARM.attributes
                0x0000000000000000       0x2d c:/st/stm32cubeide_1.5.0/stm32cubeide/plugins/com.st.stm32cube.ide.mcu.externaltools.gnu-tools-for-stm32.7-2018-q2-update.win32_1.5.0.202011040924/tools/bin/../lib/gcc/arm-none-eabi/7.3.1/thumb/v7-m/crtend.o
 .text          0x0000000000000000        0x0 c:/st/stm32cubeide_1.5.0/stm32cubeide/plugins/com.st.stm32cube.ide.mcu.externaltools.gnu-tools-for-stm32.7-2018-q2-update.win32_1.5.0.202011040924/tools/bin/../lib/gcc/arm-none-eabi/7.3.1/thumb/v7-m/crtn.o
 .data          0x0000000000000000        0x0 c:/st/stm32cubeide_1.5.0/stm32cubeide/plugins/com.st.stm32cube.ide.mcu.externaltools.gnu-tools-for-stm32.7-2018-q2-update.win32_1.5.0.202011040924/tools/bin/../lib/gcc/arm-none-eabi/7.3.1/thumb/v7-m/crtn.o
 .bss           0x0000000000000000        0x0 c:/st/stm32cubeide_1.5.0/stm32cubeide/plugins/com.st.stm32cube.ide.mcu.externaltools.gnu-tools-for-stm32.7-2018-q2-update.win32_1.5.0.202011040924/tools/bin/../lib/gcc/arm-none-eabi/7.3.1/thumb/v7-m/crtn.o
 .init          0x0000000000000000        0x8 c:/st/stm32cubeide_1.5.0/stm32cubeide/plugins/com.st.stm32cube.ide.mcu.externaltools.gnu-tools-for-stm32.7-2018-q2-update.win32_1.5.0.202011040924/tools/bin/../lib/gcc/arm-none-eabi/7.3.1/thumb/v7-m/crtn.o
 .fini          0x0000000000000000        0x8 c:/st/stm32cubeide_1.5.0/stm32cubeide/plugins/com.st.stm32cube.ide.mcu.externaltools.gnu-tools-for-stm32.7-2018-q2-update.win32_1.5.0.202011040924/tools/bin/../lib/gcc/arm-none-eabi/7.3.1/thumb/v7-m/crtn.o
 .ARM.attributes
                0x0000000000000000       0x1d c:/st/stm32cubeide_1.5.0/stm32cubeide/plugins/com.st.stm32cube.ide.mcu.externaltools.gnu-tools-for-stm32.7-2018-q2-update.win32_1.5.0.202011040924/tools/bin/../lib/gcc/arm-none-eabi/7.3.1/thumb/v7-m/crtn.o

Memory Configuration

Name             Origin             Length             Attributes
RAM              0x0000000020000000 0x0000000000005000 xrw
FLASH            0x0000000008000000 0x0000000000010000 xr
*default*        0x0000000000000000 0xffffffffffffffff

Linker script and memory map

LOAD c:/st/stm32cubeide_1.5.0/stm32cubeide/plugins/com.st.stm32cube.ide.mcu.externaltools.gnu-tools-for-stm32.7-2018-q2-update.win32_1.5.0.202011040924/tools/bin/../lib/gcc/arm-none-eabi/7.3.1/thumb/v7-m/crti.o
LOAD c:/st/stm32cubeide_1.5.0/stm32cubeide/plugins/com.st.stm32cube.ide.mcu.externaltools.gnu-tools-for-stm32.7-2018-q2-update.win32_1.5.0.202011040924/tools/bin/../lib/gcc/arm-none-eabi/7.3.1/thumb/v7-m/crtbegin.o
LOAD c:/st/stm32cubeide_1.5.0/stm32cubeide/plugins/com.st.stm32cube.ide.mcu.externaltools.gnu-tools-for-stm32.7-2018-q2-update.win32_1.5.0.202011040924/tools/bin/../lib/gcc/arm-none-eabi/7.3.1/../../../../arm-none-eabi/lib/thumb/v7-m/crt0.o
LOAD Src/main.o
LOAD Src/stm32f103c8_driver.o
LOAD Startup/startup_stm32f103c8.o
START GROUP
LOAD c:/st/stm32cubeide_1.5.0/stm32cubeide/plugins/com.st.stm32cube.ide.mcu.externaltools.gnu-tools-for-stm32.7-2018-q2-update.win32_1.5.0.202011040924/tools/bin/../lib/gcc/arm-none-eabi/7.3.1/../../../../arm-none-eabi/lib/thumb/v7-m\libc_nano.a
LOAD c:/st/stm32cubeide_1.5.0/stm32cubeide/plugins/com.st.stm32cube.ide.mcu.externaltools.gnu-tools-for-stm32.7-2018-q2-update.win32_1.5.0.202011040924/tools/bin/../lib/gcc/arm-none-eabi/7.3.1/../../../../arm-none-eabi/lib/thumb/v7-m\libm.a
END GROUP
START GROUP
LOAD c:/st/stm32cubeide_1.5.0/stm32cubeide/plugins/com.st.stm32cube.ide.mcu.externaltools.gnu-tools-for-stm32.7-2018-q2-update.win32_1.5.0.202011040924/tools/bin/../lib/gcc/arm-none-eabi/7.3.1/thumb/v7-m\libgcc.a
LOAD c:/st/stm32cubeide_1.5.0/stm32cubeide/plugins/com.st.stm32cube.ide.mcu.externaltools.gnu-tools-for-stm32.7-2018-q2-update.win32_1.5.0.202011040924/tools/bin/../lib/gcc/arm-none-eabi/7.3.1/../../../../arm-none-eabi/lib/thumb/v7-m\libc_nano.a
END GROUP
START GROUP
LOAD c:/st/stm32cubeide_1.5.0/stm32cubeide/plugins/com.st.stm32cube.ide.mcu.externaltools.gnu-tools-for-stm32.7-2018-q2-update.win32_1.5.0.202011040924/tools/bin/../lib/gcc/arm-none-eabi/7.3.1/thumb/v7-m\libgcc.a
LOAD c:/st/stm32cubeide_1.5.0/stm32cubeide/plugins/com.st.stm32cube.ide.mcu.externaltools.gnu-tools-for-stm32.7-2018-q2-update.win32_1.5.0.202011040924/tools/bin/../lib/gcc/arm-none-eabi/7.3.1/../../../../arm-none-eabi/lib/thumb/v7-m\libc_nano.a
LOAD c:/st/stm32cubeide_1.5.0/stm32cubeide/plugins/com.st.stm32cube.ide.mcu.externaltools.gnu-tools-for-stm32.7-2018-q2-update.win32_1.5.0.202011040924/tools/bin/../lib/gcc/arm-none-eabi/7.3.1/../../../../arm-none-eabi/lib/thumb/v7-m\libnosys.a
END GROUP
START GROUP
LOAD c:/st/stm32cubeide_1.5.0/stm32cubeide/plugins/com.st.stm32cube.ide.mcu.externaltools.gnu-tools-for-stm32.7-2018-q2-update.win32_1.5.0.202011040924/tools/bin/../lib/gcc/arm-none-eabi/7.3.1/thumb/v7-m\libgcc.a
LOAD c:/st/stm32cubeide_1.5.0/stm32cubeide/plugins/com.st.stm32cube.ide.mcu.externaltools.gnu-tools-for-stm32.7-2018-q2-update.win32_1.5.0.202011040924/tools/bin/../lib/gcc/arm-none-eabi/7.3.1/../../../../arm-none-eabi/lib/thumb/v7-m\libc_nano.a
LOAD c:/st/stm32cubeide_1.5.0/stm32cubeide/plugins/com.st.stm32cube.ide.mcu.externaltools.gnu-tools-for-stm32.7-2018-q2-update.win32_1.5.0.202011040924/tools/bin/../lib/gcc/arm-none-eabi/7.3.1/../../../../arm-none-eabi/lib/thumb/v7-m\libnosys.a
END GROUP
LOAD c:/st/stm32cubeide_1.5.0/stm32cubeide/plugins/com.st.stm32cube.ide.mcu.externaltools.gnu-tools-for-stm32.7-2018-q2-update.win32_1.5.0.202011040924/tools/bin/../lib/gcc/arm-none-eabi/7.3.1/thumb/v7-m/crtend.o
LOAD c:/st/stm32cubeide_1.5.0/stm32cubeide/plugins/com.st.stm32cube.ide.mcu.externaltools.gnu-tools-for-stm32.7-2018-q2-update.win32_1.5.0.202011040924/tools/bin/../lib/gcc/arm-none-eabi/7.3.1/thumb/v7-m/crtn.o
                0x0000000020005000                _estack = (ORIGIN (RAM) + LENGTH (RAM))

.isr_vector     0x0000000008000000      0x130
                0x0000000008000000                . = ALIGN (0x4)
 *(.isr_vector)
 .isr_vector    0x0000000008000000      0x130 Startup/startup_stm32f103c8.o
                0x0000000008000000                VectorTable
                0x0000000008000130                . = ALIGN (0x4)

.text           0x0000000008000130      0x4ac
                0x0000000008000130                . = ALIGN (0x4)
 *(.text*)
 .text.main     0x0000000008000130       0x5c Src/main.o
                0x0000000008000130                main
 .text.SystemInit
                0x000000000800018c       0x24 Src/stm32f103c8_driver.o
                0x000000000800018c                SystemInit
 .text.bitWrite
                0x00000000080001b0       0x5a Src/stm32f103c8_driver.o
                0x00000000080001b0                bitWrite
 .text.blockWrite
                0x000000000800020a       0x3a Src/stm32f103c8_driver.o
                0x000000000800020a                blockWrite
 .text.Reset_Handler
                0x0000000008000244       0x60 Startup/startup_stm32f103c8.o
                0x0000000008000244                Reset_Handler
 .text.Default_Handler
                0x00000000080002a4        0x6 Startup/startup_stm32f103c8.o
                0x00000000080002a4                Default_Handler
 .text.NMI_Handler
                0x00000000080002aa        0xc Startup/startup_stm32f103c8.o
                0x00000000080002aa                NMI_Handler
 .text.HardFault_Handler
                0x00000000080002b6        0xc Startup/startup_stm32f103c8.o
                0x00000000080002b6                HardFault_Handler
 .text.MemManage_Handler
                0x00000000080002c2        0xc Startup/startup_stm32f103c8.o
                0x00000000080002c2                MemManage_Handler
 .text.BusFault_Handler
                0x00000000080002ce        0xc Startup/startup_stm32f103c8.o
                0x00000000080002ce                BusFault_Handler
 .text.UsageFault_Handler
                0x00000000080002da        0xc Startup/startup_stm32f103c8.o
                0x00000000080002da                UsageFault_Handler
 .text.SVC_Handler
                0x00000000080002e6        0xc Startup/startup_stm32f103c8.o
                0x00000000080002e6                SVC_Handler
 .text.DebugMon_Handler
                0x00000000080002f2        0xc Startup/startup_stm32f103c8.o
                0x00000000080002f2                DebugMon_Handler
 .text.PendSV_Handler
                0x00000000080002fe        0xc Startup/startup_stm32f103c8.o
                0x00000000080002fe                PendSV_Handler
 .text.SysTick_Handler
                0x000000000800030a        0xc Startup/startup_stm32f103c8.o
                0x000000000800030a                SysTick_Handler
 .text.WWDG_IRQHandler
                0x0000000008000316        0xc Startup/startup_stm32f103c8.o
                0x0000000008000316                WWDG_IRQHandler
 .text.PVD_IRQHandler
                0x0000000008000322        0xc Startup/startup_stm32f103c8.o
                0x0000000008000322                PVD_IRQHandler
 .text.TAMPER_IRQHandler
                0x000000000800032e        0xc Startup/startup_stm32f103c8.o
                0x000000000800032e                TAMPER_IRQHandler
 .text.RTC_IRQHandler
                0x000000000800033a        0xc Startup/startup_stm32f103c8.o
                0x000000000800033a                RTC_IRQHandler
 .text.FLASH_IRQHandler
                0x0000000008000346        0xc Startup/startup_stm32f103c8.o
                0x0000000008000346                FLASH_IRQHandler
 .text.RCC_IRQHandler
                0x0000000008000352        0xc Startup/startup_stm32f103c8.o
                0x0000000008000352                RCC_IRQHandler
 .text.EXTI0_IRQHandler
                0x000000000800035e        0xc Startup/startup_stm32f103c8.o
                0x000000000800035e                EXTI0_IRQHandler
 .text.EXTI1_IRQHandler
                0x000000000800036a        0xc Startup/startup_stm32f103c8.o
                0x000000000800036a                EXTI1_IRQHandler
 .text.EXTI2_IRQHandler
                0x0000000008000376        0xc Startup/startup_stm32f103c8.o
                0x0000000008000376                EXTI2_IRQHandler
 .text.EXTI3_IRQHandler
                0x0000000008000382        0xc Startup/startup_stm32f103c8.o
                0x0000000008000382                EXTI3_IRQHandler
 .text.EXTI4_IRQHandler
                0x000000000800038e        0xc Startup/startup_stm32f103c8.o
                0x000000000800038e                EXTI4_IRQHandler
 .text.DMA1_Channel1_IRQHandler
                0x000000000800039a        0xc Startup/startup_stm32f103c8.o
                0x000000000800039a                DMA1_Channel1_IRQHandler
 .text.DMA1_Channel2_IRQHandler
                0x00000000080003a6        0xc Startup/startup_stm32f103c8.o
                0x00000000080003a6                DMA1_Channel2_IRQHandler
 .text.DMA1_Channel3_IRQHandler
                0x00000000080003b2        0xc Startup/startup_stm32f103c8.o
                0x00000000080003b2                DMA1_Channel3_IRQHandler
 .text.DMA1_Channel4_IRQHandler
                0x00000000080003be        0xc Startup/startup_stm32f103c8.o
                0x00000000080003be                DMA1_Channel4_IRQHandler
 .text.DMA1_Channel5_IRQHandler
                0x00000000080003ca        0xc Startup/startup_stm32f103c8.o
                0x00000000080003ca                DMA1_Channel5_IRQHandler
 .text.DMA1_Channel6_IRQHandler
                0x00000000080003d6        0xc Startup/startup_stm32f103c8.o
                0x00000000080003d6                DMA1_Channel6_IRQHandler
 .text.DMA1_Channel7_IRQHandler
                0x00000000080003e2        0xc Startup/startup_stm32f103c8.o
                0x00000000080003e2                DMA1_Channel7_IRQHandler
 .text.ADC1_2_IRQHandler
                0x00000000080003ee        0xc Startup/startup_stm32f103c8.o
                0x00000000080003ee                ADC1_2_IRQHandler
 .text.USB_HP_CAN_TX_IRQHandler
                0x00000000080003fa        0xc Startup/startup_stm32f103c8.o
                0x00000000080003fa                USB_HP_CAN_TX_IRQHandler
 .text.USB_LP_CAN_RX0_IRQHandler
                0x0000000008000406        0xc Startup/startup_stm32f103c8.o
                0x0000000008000406                USB_LP_CAN_RX0_IRQHandler
 .text.CAN_RX1_IRQHandler
                0x0000000008000412        0xc Startup/startup_stm32f103c8.o
                0x0000000008000412                CAN_RX1_IRQHandler
 .text.CAN_SCE_IRQHandler
                0x000000000800041e        0xc Startup/startup_stm32f103c8.o
                0x000000000800041e                CAN_SCE_IRQHandler
 .text.EXTI9_5_IRQHandler
                0x000000000800042a        0xc Startup/startup_stm32f103c8.o
                0x000000000800042a                EXTI9_5_IRQHandler
 .text.TIM1_BRK_IRQHandler
                0x0000000008000436        0xc Startup/startup_stm32f103c8.o
                0x0000000008000436                TIM1_BRK_IRQHandler
 .text.TIM1_UP_IRQHandler
                0x0000000008000442        0xc Startup/startup_stm32f103c8.o
                0x0000000008000442                TIM1_UP_IRQHandler
 .text.TIM1_TRG_COM_IRQHandler
                0x000000000800044e        0xc Startup/startup_stm32f103c8.o
                0x000000000800044e                TIM1_TRG_COM_IRQHandler
 .text.TIM1_CC_IRQHandler
                0x000000000800045a        0xc Startup/startup_stm32f103c8.o
                0x000000000800045a                TIM1_CC_IRQHandler
 .text.TIM2_IRQHandler
                0x0000000008000466        0xc Startup/startup_stm32f103c8.o
                0x0000000008000466                TIM2_IRQHandler
 .text.TIM3_IRQHandler
                0x0000000008000472        0xc Startup/startup_stm32f103c8.o
                0x0000000008000472                TIM3_IRQHandler
 .text.TIM4_IRQHandler
                0x000000000800047e        0xc Startup/startup_stm32f103c8.o
                0x000000000800047e                TIM4_IRQHandler
 .text.I2C1_EV_IRQHandler
                0x000000000800048a        0xc Startup/startup_stm32f103c8.o
                0x000000000800048a                I2C1_EV_IRQHandler
 .text.I2C1_ER_IRQHandler
                0x0000000008000496        0xc Startup/startup_stm32f103c8.o
                0x0000000008000496                I2C1_ER_IRQHandler
 .text.I2C2_EV_IRQHandler
                0x00000000080004a2        0xc Startup/startup_stm32f103c8.o
                0x00000000080004a2                I2C2_EV_IRQHandler
 .text.I2C2_ER_IRQHandler
                0x00000000080004ae        0xc Startup/startup_stm32f103c8.o
                0x00000000080004ae                I2C2_ER_IRQHandler
 .text.SPI1_IRQHandler
                0x00000000080004ba        0xc Startup/startup_stm32f103c8.o
                0x00000000080004ba                SPI1_IRQHandler
 .text.SPI2_IRQHandler
                0x00000000080004c6        0xc Startup/startup_stm32f103c8.o
                0x00000000080004c6                SPI2_IRQHandler
 .text.USART1_IRQHandler
                0x00000000080004d2        0xc Startup/startup_stm32f103c8.o
                0x00000000080004d2                USART1_IRQHandler
 .text.USART2_IRQHandler
                0x00000000080004de        0xc Startup/startup_stm32f103c8.o
                0x00000000080004de                USART2_IRQHandler
 .text.USART3_IRQHandler
                0x00000000080004ea        0xc Startup/startup_stm32f103c8.o
                0x00000000080004ea                USART3_IRQHandler
 .text.EXTI15_10_IRQHandler
                0x00000000080004f6        0xc Startup/startup_stm32f103c8.o
                0x00000000080004f6                EXTI15_10_IRQHandler
 .text.RTCAlarm_IRQHandler
                0x0000000008000502        0xc Startup/startup_stm32f103c8.o
                0x0000000008000502                RTCAlarm_IRQHandler
 .text.TIM8_BRK_IRQHandler
                0x000000000800050e        0xc Startup/startup_stm32f103c8.o
                0x000000000800050e                TIM8_BRK_IRQHandler
 .text.TIM8_UP_IRQHandler
                0x000000000800051a        0xc Startup/startup_stm32f103c8.o
                0x000000000800051a                TIM8_UP_IRQHandler
 .text.TIM8_TRG_COM_IRQHandler
                0x0000000008000526        0xc Startup/startup_stm32f103c8.o
                0x0000000008000526                TIM8_TRG_COM_IRQHandler
 .text.TIM8_CC_IRQHandler
                0x0000000008000532        0xc Startup/startup_stm32f103c8.o
                0x0000000008000532                TIM8_CC_IRQHandler
 .text.ADC3_IRQHandler
                0x000000000800053e        0xc Startup/startup_stm32f103c8.o
                0x000000000800053e                ADC3_IRQHandler
 .text.FSMC_IRQHandler
                0x000000000800054a        0xc Startup/startup_stm32f103c8.o
                0x000000000800054a                FSMC_IRQHandler
 .text.SDIO_IRQHandler
                0x0000000008000556        0xc Startup/startup_stm32f103c8.o
                0x0000000008000556                SDIO_IRQHandler
 .text.TIM5_IRQHandler
                0x0000000008000562        0xc Startup/startup_stm32f103c8.o
                0x0000000008000562                TIM5_IRQHandler
 .text.SPI3_IRQHandler
                0x000000000800056e        0xc Startup/startup_stm32f103c8.o
                0x000000000800056e                SPI3_IRQHandler
 .text.UART4_IRQHandler
                0x000000000800057a        0xc Startup/startup_stm32f103c8.o
                0x000000000800057a                UART4_IRQHandler
 .text.UART5_IRQHandler
                0x0000000008000586        0xc Startup/startup_stm32f103c8.o
                0x0000000008000586                UART5_IRQHandler
 .text.TIM6_IRQHandler
                0x0000000008000592        0xc Startup/startup_stm32f103c8.o
                0x0000000008000592                TIM6_IRQHandler
 .text.TIM7_IRQHandler
                0x000000000800059e        0xc Startup/startup_stm32f103c8.o
                0x000000000800059e                TIM7_IRQHandler
 .text.DMA2_Channel1_IRQHandler
                0x00000000080005aa        0xc Startup/startup_stm32f103c8.o
                0x00000000080005aa                DMA2_Channel1_IRQHandler
 .text.DMA2_Channel2_IRQHandler
                0x00000000080005b6        0xc Startup/startup_stm32f103c8.o
                0x00000000080005b6                DMA2_Channel2_IRQHandler
 .text.DMA2_Channel3_IRQHandler
                0x00000000080005c2        0xc Startup/startup_stm32f103c8.o
                0x00000000080005c2                DMA2_Channel3_IRQHandler
 .text.DMA2_Channel4_5_IRQHandler
                0x00000000080005ce        0xc Startup/startup_stm32f103c8.o
                0x00000000080005ce                DMA2_Channel4_5_IRQHandler
                0x00000000080005dc                . = ALIGN (0x4)
 *fill*         0x00000000080005da        0x2 
                0x00000000080005dc                _etext = .

.glue_7         0x00000000080005dc        0x0
 .glue_7        0x00000000080005dc        0x0 linker stubs

.glue_7t        0x00000000080005dc        0x0
 .glue_7t       0x00000000080005dc        0x0 linker stubs

.vfp11_veneer   0x00000000080005dc        0x0
 .vfp11_veneer  0x00000000080005dc        0x0 linker stubs

.v4_bx          0x00000000080005dc        0x0
 .v4_bx         0x00000000080005dc        0x0 linker stubs

.init           0x00000000080005dc        0x4
 .init          0x00000000080005dc        0x4 c:/st/stm32cubeide_1.5.0/stm32cubeide/plugins/com.st.stm32cube.ide.mcu.externaltools.gnu-tools-for-stm32.7-2018-q2-update.win32_1.5.0.202011040924/tools/bin/../lib/gcc/arm-none-eabi/7.3.1/thumb/v7-m/crti.o
                0x00000000080005dc                _init

.fini           0x00000000080005e0        0x4
 .fini          0x00000000080005e0        0x4 c:/st/stm32cubeide_1.5.0/stm32cubeide/plugins/com.st.stm32cube.ide.mcu.externaltools.gnu-tools-for-stm32.7-2018-q2-update.win32_1.5.0.202011040924/tools/bin/../lib/gcc/arm-none-eabi/7.3.1/thumb/v7-m/crti.o
                0x00000000080005e0                _fini

.iplt           0x00000000080005e4        0x0
 .iplt          0x00000000080005e4        0x0 Src/main.o

.rel.dyn        0x00000000080005e4        0x0
 .rel.iplt      0x00000000080005e4        0x0 Src/main.o

.rodata         0x00000000080005e4        0x0
                0x00000000080005e4                . = ALIGN (0x4)
 *(.rodata*)
                0x00000000080005e4                . = ALIGN (0x4)
                0x00000000080005e4                _sidata = LOADADDR (.data)

.data           0x0000000020000000        0x0 load address 0x00000000080005e4
                0x0000000020000000                . = ALIGN (0x4)
                0x0000000020000000                _sdata = .
 *(.data*)
                0x0000000020000000                . = ALIGN (0x4)
                0x0000000020000000                _edata = .

.igot.plt       0x0000000020000000        0x0 load address 0x00000000080005e4
 .igot.plt      0x0000000020000000        0x0 Src/main.o
                0x0000000020000000                . = ALIGN (0x4)

.bss            0x0000000020000000        0x0 load address 0x00000000080005e4
                0x0000000020000000                _sbss = .
 *(.bss*)
                0x0000000020000000                . = ALIGN (0x4)
                0x0000000020000000                _ebss = .
OUTPUT(asaasa.elf elf32-littlearm)

.ARM.attributes
                0x0000000000000000       0x29
 .ARM.attributes
                0x0000000000000000       0x1d c:/st/stm32cubeide_1.5.0/stm32cubeide/plugins/com.st.stm32cube.ide.mcu.externaltools.gnu-tools-for-stm32.7-2018-q2-update.win32_1.5.0.202011040924/tools/bin/../lib/gcc/arm-none-eabi/7.3.1/thumb/v7-m/crti.o
 .ARM.attributes
                0x000000000000001d       0x33 Src/main.o
 .ARM.attributes
                0x0000000000000050       0x33 Src/stm32f103c8_driver.o
 .ARM.attributes
                0x0000000000000083       0x33 Startup/startup_stm32f103c8.o

.comment        0x0000000000000000       0x7b
 .comment       0x0000000000000000       0x7b Src/main.o
                                         0x7c (size before relaxing)
 .comment       0x000000000000007b       0x7c Src/stm32f103c8_driver.o
 .comment       0x000000000000007b       0x7c Startup/startup_stm32f103c8.o

.debug_info     0x0000000000000000      0x792
 .debug_info    0x0000000000000000       0xc9 Src/main.o
 .debug_info    0x00000000000000c9       0xfe Src/stm32f103c8_driver.o
 .debug_info    0x00000000000001c7      0x5cb Startup/startup_stm32f103c8.o

.debug_abbrev   0x0000000000000000      0x21d
 .debug_abbrev  0x0000000000000000       0x86 Src/main.o
 .debug_abbrev  0x0000000000000086       0xb1 Src/stm32f103c8_driver.o
 .debug_abbrev  0x0000000000000137       0xe6 Startup/startup_stm32f103c8.o

.debug_aranges  0x0000000000000000      0x2a0
 .debug_aranges
                0x0000000000000000       0x20 Src/main.o
 .debug_aranges
                0x0000000000000020       0x38 Src/stm32f103c8_driver.o
 .debug_aranges
                0x0000000000000058      0x248 Startup/startup_stm32f103c8.o

.debug_ranges   0x0000000000000000      0x270
 .debug_ranges  0x0000000000000000       0x10 Src/main.o
 .debug_ranges  0x0000000000000010       0x28 Src/stm32f103c8_driver.o
 .debug_ranges  0x0000000000000038      0x238 Startup/startup_stm32f103c8.o

.debug_macro    0x0000000000000000      0xfa1
 .debug_macro   0x0000000000000000       0x23 Src/main.o
 .debug_macro   0x0000000000000023      0xa60 Src/main.o
 .debug_macro   0x0000000000000a83       0x40 Src/main.o
 .debug_macro   0x0000000000000ac3       0x16 Src/main.o
 .debug_macro   0x0000000000000ad9       0x23 Src/stm32f103c8_driver.o
 .debug_macro   0x0000000000000afc       0x6c Startup/startup_stm32f103c8.o
 .debug_macro   0x0000000000000b68       0x22 Startup/startup_stm32f103c8.o
 .debug_macro   0x0000000000000b8a       0x8e Startup/startup_stm32f103c8.o
 .debug_macro   0x0000000000000c18       0x51 Startup/startup_stm32f103c8.o
 .debug_macro   0x0000000000000c69       0xef Startup/startup_stm32f103c8.o
 .debug_macro   0x0000000000000d58       0x6a Startup/startup_stm32f103c8.o
 .debug_macro   0x0000000000000dc2      0x1df Startup/startup_stm32f103c8.o

.debug_line     0x0000000000000000      0x979
 .debug_line    0x0000000000000000       0x85 Src/main.o
 .debug_line    0x0000000000000085       0xba Src/stm32f103c8_driver.o
 .debug_line    0x000000000000013f      0x83a Startup/startup_stm32f103c8.o

.debug_str      0x0000000000000000     0x41ec
 .debug_str     0x0000000000000000     0x2e41 Src/main.o
 .debug_str     0x0000000000002e41       0x73 Src/stm32f103c8_driver.o
                                       0x2e9f (size before relaxing)
 .debug_str     0x0000000000002eb4     0x1338 Startup/startup_stm32f103c8.o
                                       0x4172 (size before relaxing)

.debug_frame    0x0000000000000000      0x888
 .debug_frame   0x0000000000000000       0x30 Src/main.o
 .debug_frame   0x0000000000000030       0xa0 Src/stm32f103c8_driver.o
 .debug_frame   0x00000000000000d0      0x7b8 Startup/startup_stm32f103c8.o
