../Core/Src/main.c:107:5:main	336	static
../Core/Src/main.c:277:6:SystemClock_Config	88	static
../Core/Src/main.c:321:13:MX_RTC_Init	24	static
../Core/Src/main.c:391:13:MX_USART2_UART_Init	8	static
../Core/Src/main.c:424:13:MX_USART3_UART_Init	8	static
../Core/Src/main.c:455:13:MX_DMA_Init	16	static
../Core/Src/main.c:479:13:MX_GPIO_Init	24	static
../Core/Src/main.c:496:10:VoltageToPercentage	24	static
../Core/Src/main.c:503:6:RTC_Sleep	32	static
../Core/Src/main.c:542:6:HAL_RTC_AlarmAEventCallback	16	static
../Core/Src/main.c:588:6:Error_Handler	4	static,ignoring_inline_asm
