../Core/Src/main.c:99:5:main	8	static
../Core/Src/main.c:168:6:SystemClock_Config	88	static
../Core/Src/main.c:211:13:MX_ADC1_Init	24	static
../Core/Src/main.c:258:13:MX_TIM2_Init	32	static
../Core/Src/main.c:303:13:MX_USART1_UART_Init	8	static
../Core/Src/main.c:336:13:MX_USART2_UART_Init	8	static
../Core/Src/main.c:369:13:MX_USART3_UART_Init	8	static
../Core/Src/main.c:400:13:MX_DMA_Init	16	static
../Core/Src/main.c:427:13:MX_GPIO_Init	24	static
../Core/Src/main.c:442:6:HAL_UARTEx_RxEventCallback	24	static
../Core/Src/main.c:472:6:ParseGPSSentence	56	static
../Core/Src/main.c:576:6:Error_Handler	4	static,ignoring_inline_asm
