Archive member included to satisfy reference by file (symbol)

c:/st/stm32cubeide_1.12.1/stm32cubeide/plugins/com.st.stm32cube.ide.mcu.externaltools.gnu-tools-for-stm32.10.3-2021.10.win32_1.0.200.202301161003/tools/bin/../lib/gcc/arm-none-eabi/10.3.1/../../../../arm-none-eabi/lib/thumb/v7-m/nofp\libc_nano.a(lib_a-errno.o)
                              ./Core/Src/syscalls.o (__errno)
c:/st/stm32cubeide_1.12.1/stm32cubeide/plugins/com.st.stm32cube.ide.mcu.externaltools.gnu-tools-for-stm32.10.3-2021.10.win32_1.0.200.202301161003/tools/bin/../lib/gcc/arm-none-eabi/10.3.1/../../../../arm-none-eabi/lib/thumb/v7-m/nofp\libc_nano.a(lib_a-exit.o)
                              c:/st/stm32cubeide_1.12.1/stm32cubeide/plugins/com.st.stm32cube.ide.mcu.externaltools.gnu-tools-for-stm32.10.3-2021.10.win32_1.0.200.202301161003/tools/bin/../lib/gcc/arm-none-eabi/10.3.1/../../../../arm-none-eabi/lib/thumb/v7-m/nofp/crt0.o (exit)
c:/st/stm32cubeide_1.12.1/stm32cubeide/plugins/com.st.stm32cube.ide.mcu.externaltools.gnu-tools-for-stm32.10.3-2021.10.win32_1.0.200.202301161003/tools/bin/../lib/gcc/arm-none-eabi/10.3.1/../../../../arm-none-eabi/lib/thumb/v7-m/nofp\libc_nano.a(lib_a-impure.o)
                              c:/st/stm32cubeide_1.12.1/stm32cubeide/plugins/com.st.stm32cube.ide.mcu.externaltools.gnu-tools-for-stm32.10.3-2021.10.win32_1.0.200.202301161003/tools/bin/../lib/gcc/arm-none-eabi/10.3.1/../../../../arm-none-eabi/lib/thumb/v7-m/nofp\libc_nano.a(lib_a-exit.o) (_global_impure_ptr)
c:/st/stm32cubeide_1.12.1/stm32cubeide/plugins/com.st.stm32cube.ide.mcu.externaltools.gnu-tools-for-stm32.10.3-2021.10.win32_1.0.200.202301161003/tools/bin/../lib/gcc/arm-none-eabi/10.3.1/../../../../arm-none-eabi/lib/thumb/v7-m/nofp\libc_nano.a(lib_a-init.o)
                              c:/st/stm32cubeide_1.12.1/stm32cubeide/plugins/com.st.stm32cube.ide.mcu.externaltools.gnu-tools-for-stm32.10.3-2021.10.win32_1.0.200.202301161003/tools/bin/../lib/gcc/arm-none-eabi/10.3.1/../../../../arm-none-eabi/lib/thumb/v7-m/nofp/crt0.o (__libc_init_array)
c:/st/stm32cubeide_1.12.1/stm32cubeide/plugins/com.st.stm32cube.ide.mcu.externaltools.gnu-tools-for-stm32.10.3-2021.10.win32_1.0.200.202301161003/tools/bin/../lib/gcc/arm-none-eabi/10.3.1/../../../../arm-none-eabi/lib/thumb/v7-m/nofp\libc_nano.a(lib_a-memcpy-stub.o)
                              ./Core/Src/nmea.o (memcpy)
c:/st/stm32cubeide_1.12.1/stm32cubeide/plugins/com.st.stm32cube.ide.mcu.externaltools.gnu-tools-for-stm32.10.3-2021.10.win32_1.0.200.202301161003/tools/bin/../lib/gcc/arm-none-eabi/10.3.1/../../../../arm-none-eabi/lib/thumb/v7-m/nofp\libc_nano.a(lib_a-memset.o)
                              c:/st/stm32cubeide_1.12.1/stm32cubeide/plugins/com.st.stm32cube.ide.mcu.externaltools.gnu-tools-for-stm32.10.3-2021.10.win32_1.0.200.202301161003/tools/bin/../lib/gcc/arm-none-eabi/10.3.1/../../../../arm-none-eabi/lib/thumb/v7-m/nofp/crt0.o (memset)
c:/st/stm32cubeide_1.12.1/stm32cubeide/plugins/com.st.stm32cube.ide.mcu.externaltools.gnu-tools-for-stm32.10.3-2021.10.win32_1.0.200.202301161003/tools/bin/../lib/gcc/arm-none-eabi/10.3.1/../../../../arm-none-eabi/lib/thumb/v7-m/nofp\libc_nano.a(lib_a-sprintf.o)
                              ./Core/Src/main.o (sprintf)
c:/st/stm32cubeide_1.12.1/stm32cubeide/plugins/com.st.stm32cube.ide.mcu.externaltools.gnu-tools-for-stm32.10.3-2021.10.win32_1.0.200.202301161003/tools/bin/../lib/gcc/arm-none-eabi/10.3.1/../../../../arm-none-eabi/lib/thumb/v7-m/nofp\libc_nano.a(lib_a-sscanf.o)
                              ./Core/Src/nmea.o (sscanf)
c:/st/stm32cubeide_1.12.1/stm32cubeide/plugins/com.st.stm32cube.ide.mcu.externaltools.gnu-tools-for-stm32.10.3-2021.10.win32_1.0.200.202301161003/tools/bin/../lib/gcc/arm-none-eabi/10.3.1/../../../../arm-none-eabi/lib/thumb/v7-m/nofp\libc_nano.a(lib_a-stdio.o)
                              c:/st/stm32cubeide_1.12.1/stm32cubeide/plugins/com.st.stm32cube.ide.mcu.externaltools.gnu-tools-for-stm32.10.3-2021.10.win32_1.0.200.202301161003/tools/bin/../lib/gcc/arm-none-eabi/10.3.1/../../../../arm-none-eabi/lib/thumb/v7-m/nofp\libc_nano.a(lib_a-sscanf.o) (__seofread)
c:/st/stm32cubeide_1.12.1/stm32cubeide/plugins/com.st.stm32cube.ide.mcu.externaltools.gnu-tools-for-stm32.10.3-2021.10.win32_1.0.200.202301161003/tools/bin/../lib/gcc/arm-none-eabi/10.3.1/../../../../arm-none-eabi/lib/thumb/v7-m/nofp\libc_nano.a(lib_a-strcpy.o)
                              ./Core/Src/sim800l.o (strcpy)
c:/st/stm32cubeide_1.12.1/stm32cubeide/plugins/com.st.stm32cube.ide.mcu.externaltools.gnu-tools-for-stm32.10.3-2021.10.win32_1.0.200.202301161003/tools/bin/../lib/gcc/arm-none-eabi/10.3.1/../../../../arm-none-eabi/lib/thumb/v7-m/nofp\libc_nano.a(lib_a-strlen.o)
                              ./Core/Src/sim800l.o (strlen)
[...]
Memory Configuration

Name             Origin             Length             Attributes
RAM              0x0000000020000000 0x0000000000005000 xrw
FLASH            0x0000000008000000 0x0000000000010000 xr
*default*        0x0000000000000000 0xffffffffffffffff

Linker script and memory map

LOAD c:/st/stm32cubeide_1.12.1/stm32cubeide/plugins/com.st.stm32cube.ide.mcu.externaltools.gnu-tools-for-stm32.10.3-2021.10.win32_1.0.200.202301161003/tools/bin/../lib/gcc/arm-none-eabi/10.3.1/thumb/v7-m/nofp/crti.o
LOAD c:/st/stm32cubeide_1.12.1/stm32cubeide/plugins/com.st.stm32cube.ide.mcu.externaltools.gnu-tools-for-stm32.10.3-2021.10.win32_1.0.200.202301161003/tools/bin/../lib/gcc/arm-none-eabi/10.3.1/thumb/v7-m/nofp/crtbegin.o
LOAD c:/st/stm32cubeide_1.12.1/stm32cubeide/plugins/com.st.stm32cube.ide.mcu.externaltools.gnu-tools-for-stm32.10.3-2021.10.win32_1.0.200.202301161003/tools/bin/../lib/gcc/arm-none-eabi/10.3.1/../../../../arm-none-eabi/lib/thumb/v7-m/nofp/crt0.o
LOAD ./Core/Src/main.o
LOAD ./Core/Src/nmea.o
LOAD ./Core/Src/sim800l.o
LOAD ./Core/Src/stm32f1xx_hal_msp.o
LOAD ./Core/Src/stm32f1xx_it.o
LOAD ./Core/Src/syscalls.o
LOAD ./Core/Src/sysmem.o
LOAD ./Core/Src/system_stm32f1xx.o
LOAD ./Core/Src/usart.o
LOAD ./Core/Startup/startup_stm32f103c8tx.o
LOAD ./Drivers/STM32F1xx_HAL_Driver/Src/stm32f1xx_hal.o
LOAD ./Drivers/STM32F1xx_HAL_Driver/Src/stm32f1xx_hal_cortex.o
LOAD ./Drivers/STM32F1xx_HAL_Driver/Src/stm32f1xx_hal_dma.o
LOAD ./Drivers/STM32F1xx_HAL_Driver/Src/stm32f1xx_hal_exti.o
LOAD ./Drivers/STM32F1xx_HAL_Driver/Src/stm32f1xx_hal_flash.o
LOAD ./Drivers/STM32F1xx_HAL_Driver/Src/stm32f1xx_hal_flash_ex.o
LOAD ./Drivers/STM32F1xx_HAL_Driver/Src/stm32f1xx_hal_gpio.o
LOAD ./Drivers/STM32F1xx_HAL_Driver/Src/stm32f1xx_hal_gpio_ex.o
LOAD ./Drivers/STM32F1xx_HAL_Driver/Src/stm32f1xx_hal_pwr.o
LOAD ./Drivers/STM32F1xx_HAL_Driver/Src/stm32f1xx_hal_rcc.o
LOAD ./Drivers/STM32F1xx_HAL_Driver/Src/stm32f1xx_hal_rcc_ex.o
LOAD ./Drivers/STM32F1xx_HAL_Driver/Src/stm32f1xx_hal_rtc.o
LOAD ./Drivers/STM32F1xx_HAL_Driver/Src/stm32f1xx_hal_rtc_ex.o
LOAD ./Drivers/STM32F1xx_HAL_Driver/Src/stm32f1xx_hal_tim.o
LOAD ./Drivers/STM32F1xx_HAL_Driver/Src/stm32f1xx_hal_tim_ex.o
LOAD ./Drivers/STM32F1xx_HAL_Driver/Src/stm32f1xx_hal_uart.o
START GROUP
LOAD c:/st/stm32cubeide_1.12.1/stm32cubeide/plugins/com.st.stm32cube.ide.mcu.externaltools.gnu-tools-for-stm32.10.3-2021.10.win32_1.0.200.202301161003/tools/bin/../lib/gcc/arm-none-eabi/10.3.1/../../../../arm-none-eabi/lib/thumb/v7-m/nofp\libc_nano.a
LOAD c:/st/stm32cubeide_1.12.1/stm32cubeide/plugins/com.st.stm32cube.ide.mcu.externaltools.gnu-tools-for-stm32.10.3-2021.10.win32_1.0.200.202301161003/tools/bin/../lib/gcc/arm-none-eabi/10.3.1/../../../../arm-none-eabi/lib/thumb/v7-m/nofp\libm.a
END GROUP
START GROUP
LOAD c:/st/stm32cubeide_1.12.1/stm32cubeide/plugins/com.st.stm32cube.ide.mcu.externaltools.gnu-tools-for-stm32.10.3-2021.10.win32_1.0.200.202301161003/tools/bin/../lib/gcc/arm-none-eabi/10.3.1/thumb/v7-m/nofp\libgcc.a
LOAD c:/st/stm32cubeide_1.12.1/stm32cubeide/plugins/com.st.stm32cube.ide.mcu.externaltools.gnu-tools-for-stm32.10.3-2021.10.win32_1.0.200.202301161003/tools/bin/../lib/gcc/arm-none-eabi/10.3.1/../../../../arm-none-eabi/lib/thumb/v7-m/nofp\libc_nano.a
END GROUP
START GROUP
LOAD c:/st/stm32cubeide_1.12.1/stm32cubeide/plugins/com.st.stm32cube.ide.mcu.externaltools.gnu-tools-for-stm32.10.3-2021.10.win32_1.0.200.202301161003/tools/bin/../lib/gcc/arm-none-eabi/10.3.1/thumb/v7-m/nofp\libgcc.a
LOAD c:/st/stm32cubeide_1.12.1/stm32cubeide/plugins/com.st.stm32cube.ide.mcu.externaltools.gnu-tools-for-stm32.10.3-2021.10.win32_1.0.200.202301161003/tools/bin/../lib/gcc/arm-none-eabi/10.3.1/../../../../arm-none-eabi/lib/thumb/v7-m/nofp\libc_nano.a
LOAD c:/st/stm32cubeide_1.12.1/stm32cubeide/plugins/com.st.stm32cube.ide.mcu.externaltools.gnu-tools-for-stm32.10.3-2021.10.win32_1.0.200.202301161003/tools/bin/../lib/gcc/arm-none-eabi/10.3.1/../../../../arm-none-eabi/lib/thumb/v7-m/nofp\libnosys.a
END GROUP
START GROUP
LOAD c:/st/stm32cubeide_1.12.1/stm32cubeide/plugins/com.st.stm32cube.ide.mcu.externaltools.gnu-tools-for-stm32.10.3-2021.10.win32_1.0.200.202301161003/tools/bin/../lib/gcc/arm-none-eabi/10.3.1/thumb/v7-m/nofp\libgcc.a
LOAD c:/st/stm32cubeide_1.12.1/stm32cubeide/plugins/com.st.stm32cube.ide.mcu.externaltools.gnu-tools-for-stm32.10.3-2021.10.win32_1.0.200.202301161003/tools/bin/../lib/gcc/arm-none-eabi/10.3.1/../../../../arm-none-eabi/lib/thumb/v7-m/nofp\libc_nano.a
LOAD c:/st/stm32cubeide_1.12.1/stm32cubeide/plugins/com.st.stm32cube.ide.mcu.externaltools.gnu-tools-for-stm32.10.3-2021.10.win32_1.0.200.202301161003/tools/bin/../lib/gcc/arm-none-eabi/10.3.1/../../../../arm-none-eabi/lib/thumb/v7-m/nofp\libnosys.a
END GROUP
LOAD c:/st/stm32cubeide_1.12.1/stm32cubeide/plugins/com.st.stm32cube.ide.mcu.externaltools.gnu-tools-for-stm32.10.3-2021.10.win32_1.0.200.202301161003/tools/bin/../lib/gcc/arm-none-eabi/10.3.1/thumb/v7-m/nofp/crtend.o
LOAD c:/st/stm32cubeide_1.12.1/stm32cubeide/plugins/com.st.stm32cube.ide.mcu.externaltools.gnu-tools-for-stm32.10.3-2021.10.win32_1.0.200.202301161003/tools/bin/../lib/gcc/arm-none-eabi/10.3.1/thumb/v7-m/nofp/crtn.o
                0x0000000020005000                _estack = (ORIGIN (RAM) + LENGTH (RAM))
                0x0000000000000200                _Min_Heap_Size = 0x200
                0x0000000000000400                _Min_Stack_Size = 0x400

.isr_vector     0x0000000008000000      0x10c
                0x0000000008000000                . = ALIGN (0x4)
 *(.isr_vector)
 .isr_vector    0x0000000008000000      0x10c ./Core/Startup/startup_stm32f103c8tx.o
                0x0000000008000000                g_pfnVectors
                0x000000000800010c                . = ALIGN (0x4)

.text           0x000000000800010c     0x4650
                0x000000000800010c                . = ALIGN (0x4)
 *(.text)
 .text          0x000000000800010c       0x40 c:/st/stm32cubeide_1.12.1/stm32cubeide/plugins/com.st.stm32cube.ide.mcu.externaltools.gnu-tools-for-stm32.10.3-2021.10.win32_1.0.200.202301161003/tools/bin/../lib/gcc/arm-none-eabi/10.3.1/thumb/v7-m/nofp/crtbegin.o
 .text          0x000000000800014c       0x10 c:/st/stm32cubeide_1.12.1/stm32cubeide/plugins/com.st.stm32cube.ide.mcu.externaltools.gnu-tools-for-stm32.10.3-2021.10.win32_1.0.200.202301161003/tools/bin/../lib/gcc/arm-none-eabi/10.3.1/../../../../arm-none-eabi/lib/thumb/v7-m/nofp\libc_nano.a(lib_a-strlen.o)
                0x000000000800014c                strlen
 *(.text*)
 .text.SystemClock_Config
                0x000000000800015c       0x70 ./Core/Src/main.o
                0x000000000800015c                SystemClock_Config
 .text.startup.main
                0x00000000080001cc      0x2b8 ./Core/Src/main.o
                0x00000000080001cc                main
 .text.HAL_RTC_AlarmAEventCallback
                0x0000000008000484       0x3c ./Core/Src/main.o
                0x0000000008000484                HAL_RTC_AlarmAEventCallback
 .text.Error_Handler
                0x00000000080004c0        0x4 ./Core/Src/main.o
                0x00000000080004c0                Error_Handler
 .text.CalculateChecksum
                0x00000000080004c4       0x16 ./Core/Src/nmea.o
                0x00000000080004c4                CalculateChecksum
 *fill*         0x00000000080004da        0x2 
 .text.BuildGPSCoord
                0x00000000080004dc       0x24 ./Core/Src/nmea.o
                0x00000000080004dc                BuildGPSCoord
 .text.strtok_new
                0x0000000008000500       0x30 ./Core/Src/nmea.o
                0x0000000008000500                strtok_new
 .text.ParseGPRMC
                0x0000000008000530      0x144 ./Core/Src/nmea.o
                0x0000000008000530                ParseGPRMC
 .text.SIM800L_Reset
                0x0000000008000674       0x34 ./Core/Src/sim800l.o
                0x0000000008000674                SIM800L_Reset
 .text.SIM800L_BatteryCheck
                0x00000000080006a8      0x120 ./Core/Src/sim800l.o
                0x00000000080006a8                SIM800L_BatteryCheck
 .text.SIM800L_WEBUpdate
                0x00000000080007c8      0x150 ./Core/Src/sim800l.o
                0x00000000080007c8                SIM800L_WEBUpdate
 .text.SIM800L_Wakeup
                0x0000000008000918       0x48 ./Core/Src/sim800l.o
                0x0000000008000918                SIM800L_Wakeup
 .text.HAL_MspInit
                0x0000000008000960       0x44 ./Core/Src/stm32f1xx_hal_msp.o
                0x0000000008000960                HAL_MspInit
 .text.HAL_RTC_MspInit
                0x00000000080009a4       0x54 ./Core/Src/stm32f1xx_hal_msp.o
                0x00000000080009a4                HAL_RTC_MspInit
 .text.HAL_UART_MspInit
                0x00000000080009f8      0x188 ./Core/Src/stm32f1xx_hal_msp.o
                0x00000000080009f8                HAL_UART_MspInit
 .text.NMI_Handler
                0x0000000008000b80        0x2 ./Core/Src/stm32f1xx_it.o
                0x0000000008000b80                NMI_Handler
 .text.HardFault_Handler
                0x0000000008000b82        0x2 ./Core/Src/stm32f1xx_it.o
                0x0000000008000b82                HardFault_Handler
 .text.MemManage_Handler
                0x0000000008000b84        0x2 ./Core/Src/stm32f1xx_it.o
                0x0000000008000b84                MemManage_Handler
 .text.BusFault_Handler
                0x0000000008000b86        0x2 ./Core/Src/stm32f1xx_it.o
                0x0000000008000b86                BusFault_Handler
 .text.UsageFault_Handler
                0x0000000008000b88        0x2 ./Core/Src/stm32f1xx_it.o
                0x0000000008000b88                UsageFault_Handler
 .text.SVC_Handler
                0x0000000008000b8a        0x2 ./Core/Src/stm32f1xx_it.o
                0x0000000008000b8a                SVC_Handler
 .text.DebugMon_Handler
                0x0000000008000b8c        0x2 ./Core/Src/stm32f1xx_it.o
                0x0000000008000b8c                DebugMon_Handler
 .text.PendSV_Handler
                0x0000000008000b8e        0x2 ./Core/Src/stm32f1xx_it.o
                0x0000000008000b8e                PendSV_Handler
 .text.SysTick_Handler
                0x0000000008000b90        0x4 ./Core/Src/stm32f1xx_it.o
                0x0000000008000b90                SysTick_Handler
 .text.DMA1_Channel2_IRQHandler
                0x0000000008000b94        0xc ./Core/Src/stm32f1xx_it.o
                0x0000000008000b94                DMA1_Channel2_IRQHandler
 .text.DMA1_Channel3_IRQHandler
                0x0000000008000ba0        0xc ./Core/Src/stm32f1xx_it.o
                0x0000000008000ba0                DMA1_Channel3_IRQHandler
 .text.DMA1_Channel6_IRQHandler
                0x0000000008000bac        0xc ./Core/Src/stm32f1xx_it.o
                0x0000000008000bac                DMA1_Channel6_IRQHandler
 .text.USART2_IRQHandler
                0x0000000008000bb8        0xc ./Core/Src/stm32f1xx_it.o
                0x0000000008000bb8                USART2_IRQHandler
 .text.USART3_IRQHandler
                0x0000000008000bc4        0xc ./Core/Src/stm32f1xx_it.o
                0x0000000008000bc4                USART3_IRQHandler
 .text.RTC_Alarm_IRQHandler
                0x0000000008000bd0        0xc ./Core/Src/stm32f1xx_it.o
                0x0000000008000bd0                RTC_Alarm_IRQHandler
 .text._getpid  0x0000000008000bdc        0x4 ./Core/Src/syscalls.o
                0x0000000008000bdc                _getpid
 .text._kill    0x0000000008000be0       0x10 ./Core/Src/syscalls.o
                0x0000000008000be0                _kill
 .text._exit    0x0000000008000bf0        0xc ./Core/Src/syscalls.o
                0x0000000008000bf0                _exit
 .text._read    0x0000000008000bfc       0x1c ./Core/Src/syscalls.o
                0x0000000008000bfc                _read
 .text._write   0x0000000008000c18       0x1c ./Core/Src/syscalls.o
                0x0000000008000c18                _write
 .text._close   0x0000000008000c34        0x6 ./Core/Src/syscalls.o
                0x0000000008000c34                _close
 .text._fstat   0x0000000008000c3a        0xa ./Core/Src/syscalls.o
                0x0000000008000c3a                _fstat
 .text._isatty  0x0000000008000c44        0x4 ./Core/Src/syscalls.o
                0x0000000008000c44                _isatty
 .text._lseek   0x0000000008000c48        0x4 ./Core/Src/syscalls.o
                0x0000000008000c48                _lseek
 .text._sbrk    0x0000000008000c4c       0x40 ./Core/Src/sysmem.o
                0x0000000008000c4c                _sbrk
 .text.SystemInit
                0x0000000008000c8c        0x2 ./Core/Src/system_stm32f1xx.o
                0x0000000008000c8c                SystemInit
 *fill*         0x0000000008000c8e        0x2 
 .text.GPS_RX   0x0000000008000c90       0xbc ./Core/Src/usart.o
                0x0000000008000c90                GPS_RX
 .text.SIM_RX   0x0000000008000d4c       0x84 ./Core/Src/usart.o
                0x0000000008000d4c                SIM_RX
 .text.HAL_UART_RxCpltCallback
                0x0000000008000dd0       0x70 ./Core/Src/usart.o
                0x0000000008000dd0                HAL_UART_RxCpltCallback
 .text.Reset_Handler
                0x0000000008000e40       0x48 ./Core/Startup/startup_stm32f103c8tx.o
                0x0000000008000e40                Reset_Handler
 .text.Default_Handler
                0x0000000008000e88        0x2 ./Core/Startup/startup_stm32f103c8tx.o
                0x0000000008000e88                EXTI2_IRQHandler
                0x0000000008000e88                TIM1_CC_IRQHandler
                0x0000000008000e88                PVD_IRQHandler
                0x0000000008000e88                EXTI3_IRQHandler
                0x0000000008000e88                EXTI0_IRQHandler
                0x0000000008000e88                I2C2_EV_IRQHandler
                0x0000000008000e88                ADC1_2_IRQHandler
                0x0000000008000e88                SPI1_IRQHandler
                0x0000000008000e88                TAMPER_IRQHandler
                0x0000000008000e88                DMA1_Channel4_IRQHandler
                0x0000000008000e88                RTC_IRQHandler
                0x0000000008000e88                DMA1_Channel7_IRQHandler
                0x0000000008000e88                CAN1_RX1_IRQHandler
                0x0000000008000e88                TIM4_IRQHandler
                0x0000000008000e88                I2C1_EV_IRQHandler
                0x0000000008000e88                TIM3_IRQHandler
                0x0000000008000e88                RCC_IRQHandler
                0x0000000008000e88                TIM1_TRG_COM_IRQHandler
                0x0000000008000e88                DMA1_Channel1_IRQHandler
                0x0000000008000e88                Default_Handler
                0x0000000008000e88                EXTI15_10_IRQHandler
                0x0000000008000e88                EXTI9_5_IRQHandler
                0x0000000008000e88                SPI2_IRQHandler
                0x0000000008000e88                DMA1_Channel5_IRQHandler
                0x0000000008000e88                EXTI4_IRQHandler
                0x0000000008000e88                USB_LP_CAN1_RX0_IRQHandler
                0x0000000008000e88                USB_HP_CAN1_TX_IRQHandler
                0x0000000008000e88                TIM1_UP_IRQHandler
                0x0000000008000e88                WWDG_IRQHandler
                0x0000000008000e88                TIM2_IRQHandler
                0x0000000008000e88                TIM1_BRK_IRQHandler
                0x0000000008000e88                EXTI1_IRQHandler
                0x0000000008000e88                I2C2_ER_IRQHandler
                0x0000000008000e88                CAN1_SCE_IRQHandler
                0x0000000008000e88                FLASH_IRQHandler
                0x0000000008000e88                USART1_IRQHandler
                0x0000000008000e88                I2C1_ER_IRQHandler
                0x0000000008000e88                USBWakeUp_IRQHandler
 *fill*         0x0000000008000e8a        0x2 
 .text.HAL_InitTick
                0x0000000008000e8c       0x48 ./Drivers/STM32F1xx_HAL_Driver/Src/stm32f1xx_hal.o
                0x0000000008000e8c                HAL_InitTick
 .text.HAL_Init
                0x0000000008000ed4       0x24 ./Drivers/STM32F1xx_HAL_Driver/Src/stm32f1xx_hal.o
                0x0000000008000ed4                HAL_Init
 .text.HAL_IncTick
                0x0000000008000ef8       0x18 ./Drivers/STM32F1xx_HAL_Driver/Src/stm32f1xx_hal.o
                0x0000000008000ef8                HAL_IncTick
 .text.HAL_GetTick
                0x0000000008000f10        0xc ./Drivers/STM32F1xx_HAL_Driver/Src/stm32f1xx_hal.o
                0x0000000008000f10                HAL_GetTick
 .text.HAL_Delay
                0x0000000008000f1c       0x24 ./Drivers/STM32F1xx_HAL_Driver/Src/stm32f1xx_hal.o
                0x0000000008000f1c                HAL_Delay
 .text.HAL_ResumeTick
                0x0000000008000f40        0xe ./Drivers/STM32F1xx_HAL_Driver/Src/stm32f1xx_hal.o
                0x0000000008000f40                HAL_ResumeTick
 *fill*         0x0000000008000f4e        0x2 
 .text.HAL_NVIC_SetPriorityGrouping
                0x0000000008000f50       0x24 ./Drivers/STM32F1xx_HAL_Driver/Src/stm32f1xx_hal_cortex.o
                0x0000000008000f50                HAL_NVIC_SetPriorityGrouping
 .text.HAL_NVIC_SetPriority
                0x0000000008000f74       0x64 ./Drivers/STM32F1xx_HAL_Driver/Src/stm32f1xx_hal_cortex.o
                0x0000000008000f74                HAL_NVIC_SetPriority
 .text.HAL_NVIC_EnableIRQ
                0x0000000008000fd8       0x1c ./Drivers/STM32F1xx_HAL_Driver/Src/stm32f1xx_hal_cortex.o
                0x0000000008000fd8                HAL_NVIC_EnableIRQ
 .text.HAL_SYSTICK_Config
                0x0000000008000ff4       0x28 ./Drivers/STM32F1xx_HAL_Driver/Src/stm32f1xx_hal_cortex.o
                0x0000000008000ff4                HAL_SYSTICK_Config
 .text.HAL_DMA_Init
                0x000000000800101c       0x64 ./Drivers/STM32F1xx_HAL_Driver/Src/stm32f1xx_hal_dma.o
                0x000000000800101c                HAL_DMA_Init
 .text.HAL_DMA_Start_IT
                0x0000000008001080       0x78 ./Drivers/STM32F1xx_HAL_Driver/Src/stm32f1xx_hal_dma.o
                0x0000000008001080                HAL_DMA_Start_IT
 .text.HAL_DMA_Abort
                0x00000000080010f8       0x42 ./Drivers/STM32F1xx_HAL_Driver/Src/stm32f1xx_hal_dma.o
                0x00000000080010f8                HAL_DMA_Abort
 *fill*         0x000000000800113a        0x2 
 .text.HAL_DMA_Abort_IT
                0x000000000800113c       0x90 ./Drivers/STM32F1xx_HAL_Driver/Src/stm32f1xx_hal_dma.o
                0x000000000800113c                HAL_DMA_Abort_IT
 .text.HAL_DMA_IRQHandler
                0x00000000080011cc      0x128 ./Drivers/STM32F1xx_HAL_Driver/Src/stm32f1xx_hal_dma.o
                0x00000000080011cc                HAL_DMA_IRQHandler
 .text.HAL_GPIO_Init
                0x00000000080012f4      0x1b4 ./Drivers/STM32F1xx_HAL_Driver/Src/stm32f1xx_hal_gpio.o
                0x00000000080012f4                HAL_GPIO_Init
 .text.HAL_PWR_EnableBkUpAccess
                0x00000000080014a8        0xc ./Drivers/STM32F1xx_HAL_Driver/Src/stm32f1xx_hal_pwr.o
                0x00000000080014a8                HAL_PWR_EnableBkUpAccess
 .text.HAL_RCC_OscConfig
                0x00000000080014b4      0x338 ./Drivers/STM32F1xx_HAL_Driver/Src/stm32f1xx_hal_rcc.o
                0x00000000080014b4                HAL_RCC_OscConfig
 .text.HAL_RCC_GetSysClockFreq
                0x00000000080017ec       0x4c ./Drivers/STM32F1xx_HAL_Driver/Src/stm32f1xx_hal_rcc.o
                0x00000000080017ec                HAL_RCC_GetSysClockFreq
 .text.HAL_RCC_ClockConfig
                0x0000000008001838      0x138 ./Drivers/STM32F1xx_HAL_Driver/Src/stm32f1xx_hal_rcc.o
                0x0000000008001838                HAL_RCC_ClockConfig
 .text.HAL_RCC_GetPCLK1Freq
                0x0000000008001970       0x20 ./Drivers/STM32F1xx_HAL_Driver/Src/stm32f1xx_hal_rcc.o
                0x0000000008001970                HAL_RCC_GetPCLK1Freq
 .text.HAL_RCC_GetPCLK2Freq
                0x0000000008001990       0x20 ./Drivers/STM32F1xx_HAL_Driver/Src/stm32f1xx_hal_rcc.o
                0x0000000008001990                HAL_RCC_GetPCLK2Freq
 .text.HAL_RCCEx_PeriphCLKConfig
                0x00000000080019b0       0xf4 ./Drivers/STM32F1xx_HAL_Driver/Src/stm32f1xx_hal_rcc_ex.o
                0x00000000080019b0                HAL_RCCEx_PeriphCLKConfig
 .text.HAL_RCCEx_GetPeriphCLKFreq
                0x0000000008001aa4       0xbc ./Drivers/STM32F1xx_HAL_Driver/Src/stm32f1xx_hal_rcc_ex.o
                0x0000000008001aa4                HAL_RCCEx_GetPeriphCLKFreq
 .text.RTC_ReadTimeCounter
                0x0000000008001b60       0x24 ./Drivers/STM32F1xx_HAL_Driver/Src/stm32f1xx_hal_rtc.o
 .text.RTC_ReadAlarmCounter
                0x0000000008001b84        0xe ./Drivers/STM32F1xx_HAL_Driver/Src/stm32f1xx_hal_rtc.o
 .text.RTC_ByteToBcd2
                0x0000000008001b92       0x16 ./Drivers/STM32F1xx_HAL_Driver/Src/stm32f1xx_hal_rtc.o
 .text.RTC_Bcd2ToByte
                0x0000000008001ba8       0x10 ./Drivers/STM32F1xx_HAL_Driver/Src/stm32f1xx_hal_rtc.o
 .text.RTC_WeekDayNum
                0x0000000008001bb8       0x64 ./Drivers/STM32F1xx_HAL_Driver/Src/stm32f1xx_hal_rtc.o
 .text.RTC_EnterInitMode
                0x0000000008001c1c       0x2e ./Drivers/STM32F1xx_HAL_Driver/Src/stm32f1xx_hal_rtc.o
 .text.RTC_ExitInitMode
                0x0000000008001c4a       0x30 ./Drivers/STM32F1xx_HAL_Driver/Src/stm32f1xx_hal_rtc.o
 .text.RTC_WriteTimeCounter
                0x0000000008001c7a       0x28 ./Drivers/STM32F1xx_HAL_Driver/Src/stm32f1xx_hal_rtc.o
 .text.RTC_WriteAlarmCounter
                0x0000000008001ca2       0x28 ./Drivers/STM32F1xx_HAL_Driver/Src/stm32f1xx_hal_rtc.o
 .text.HAL_RTC_SetTime
                0x0000000008001cca       0x9e ./Drivers/STM32F1xx_HAL_Driver/Src/stm32f1xx_hal_rtc.o
                0x0000000008001cca                HAL_RTC_SetTime
 .text.HAL_RTC_GetTime
                0x0000000008001d68      0x17c ./Drivers/STM32F1xx_HAL_Driver/Src/stm32f1xx_hal_rtc.o
                0x0000000008001d68                HAL_RTC_GetTime
 .text.HAL_RTC_SetDate
                0x0000000008001ee4       0xb0 ./Drivers/STM32F1xx_HAL_Driver/Src/stm32f1xx_hal_rtc.o
                0x0000000008001ee4                HAL_RTC_SetDate
 .text.HAL_RTC_SetAlarm_IT
                0x0000000008001f94       0xd8 ./Drivers/STM32F1xx_HAL_Driver/Src/stm32f1xx_hal_rtc.o
                0x0000000008001f94                HAL_RTC_SetAlarm_IT
 .text.HAL_RTC_AlarmIRQHandler
                0x000000000800206c       0x34 ./Drivers/STM32F1xx_HAL_Driver/Src/stm32f1xx_hal_rtc.o
                0x000000000800206c                HAL_RTC_AlarmIRQHandler
 .text.HAL_RTC_WaitForSynchro
                0x00000000080020a0       0x36 ./Drivers/STM32F1xx_HAL_Driver/Src/stm32f1xx_hal_rtc.o
                0x00000000080020a0                HAL_RTC_WaitForSynchro
 *fill*         0x00000000080020d6        0x2 
 .text.HAL_RTC_Init
                0x00000000080020d8       0x90 ./Drivers/STM32F1xx_HAL_Driver/Src/stm32f1xx_hal_rtc.o
                0x00000000080020d8                HAL_RTC_Init
 .text.UART_EndRxTransfer
                0x0000000008002168       0x5c ./Drivers/STM32F1xx_HAL_Driver/Src/stm32f1xx_hal_uart.o
 .text.UART_SetConfig
                0x00000000080021c4       0x74 ./Drivers/STM32F1xx_HAL_Driver/Src/stm32f1xx_hal_uart.o
 .text.HAL_UART_Init
                0x0000000008002238       0x5e ./Drivers/STM32F1xx_HAL_Driver/Src/stm32f1xx_hal_uart.o
                0x0000000008002238                HAL_UART_Init
 *fill*         0x0000000008002296        0x2 
 .text.HAL_UART_Transmit_DMA
                0x0000000008002298       0x74 ./Drivers/STM32F1xx_HAL_Driver/Src/stm32f1xx_hal_uart.o
                0x0000000008002298                HAL_UART_Transmit_DMA
 .text.HAL_UART_TxCpltCallback
                0x000000000800230c        0x2 ./Drivers/STM32F1xx_HAL_Driver/Src/stm32f1xx_hal_uart.o
                0x000000000800230c                HAL_UART_TxCpltCallback
 .text.UART_DMATransmitCplt
                0x000000000800230e       0x4c ./Drivers/STM32F1xx_HAL_Driver/Src/stm32f1xx_hal_uart.o
 .text.HAL_UART_TxHalfCpltCallback
                0x000000000800235a        0x2 ./Drivers/STM32F1xx_HAL_Driver/Src/stm32f1xx_hal_uart.o
                0x000000000800235a                HAL_UART_TxHalfCpltCallback
 .text.UART_DMATxHalfCplt
                0x000000000800235c        0xa ./Drivers/STM32F1xx_HAL_Driver/Src/stm32f1xx_hal_uart.o
 .text.HAL_UART_RxHalfCpltCallback
                0x0000000008002366        0x2 ./Drivers/STM32F1xx_HAL_Driver/Src/stm32f1xx_hal_uart.o
                0x0000000008002366                HAL_UART_RxHalfCpltCallback
 .text.HAL_UART_ErrorCallback
                0x0000000008002368        0x2 ./Drivers/STM32F1xx_HAL_Driver/Src/stm32f1xx_hal_uart.o
                0x0000000008002368                HAL_UART_ErrorCallback
 .text.UART_DMAError
                0x000000000800236a       0x5a ./Drivers/STM32F1xx_HAL_Driver/Src/stm32f1xx_hal_uart.o
 .text.UART_DMAAbortOnError
                0x00000000080023c4       0x10 ./Drivers/STM32F1xx_HAL_Driver/Src/stm32f1xx_hal_uart.o
 .text.HAL_UARTEx_RxEventCallback
                0x00000000080023d4        0x2 ./Drivers/STM32F1xx_HAL_Driver/Src/stm32f1xx_hal_uart.o
                0x00000000080023d4                HAL_UARTEx_RxEventCallback
 .text.UART_DMARxHalfCplt
                0x00000000080023d6       0x1e ./Drivers/STM32F1xx_HAL_Driver/Src/stm32f1xx_hal_uart.o
 .text.UART_DMAReceiveCplt
                0x00000000080023f4       0x98 ./Drivers/STM32F1xx_HAL_Driver/Src/stm32f1xx_hal_uart.o
 .text.UART_Receive_IT.part.0.isra.0
                0x000000000800248c       0xae ./Drivers/STM32F1xx_HAL_Driver/Src/stm32f1xx_hal_uart.o
 *fill*         0x000000000800253a        0x2 
 .text.HAL_UART_IRQHandler
                0x000000000800253c      0x2a4 ./Drivers/STM32F1xx_HAL_Driver/Src/stm32f1xx_hal_uart.o
                0x000000000800253c                HAL_UART_IRQHandler
 .text.UART_Start_Receive_DMA
                0x00000000080027e0       0x98 ./Drivers/STM32F1xx_HAL_Driver/Src/stm32f1xx_hal_uart.o
                0x00000000080027e0                UART_Start_Receive_DMA
 .text.HAL_UART_Receive_DMA
                0x0000000008002878       0x22 ./Drivers/STM32F1xx_HAL_Driver/Src/stm32f1xx_hal_uart.o
                0x0000000008002878                HAL_UART_Receive_DMA
 *fill*         0x000000000800289a        0x2 
 .text.__errno  0x000000000800289c        0xc c:/st/stm32cubeide_1.12.1/stm32cubeide/plugins/com.st.stm32cube.ide.mcu.externaltools.gnu-tools-for-stm32.10.3-2021.10.win32_1.0.200.202301161003/tools/bin/../lib/gcc/arm-none-eabi/10.3.1/../../../../arm-none-eabi/lib/thumb/v7-m/nofp\libc_nano.a(lib_a-errno.o)
                0x000000000800289c                __errno
 .text.__libc_init_array
                0x00000000080028a8       0x48 c:/st/stm32cubeide_1.12.1/stm32cubeide/plugins/com.st.stm32cube.ide.mcu.externaltools.gnu-tools-for-stm32.10.3-2021.10.win32_1.0.200.202301161003/tools/bin/../lib/gcc/arm-none-eabi/10.3.1/../../../../arm-none-eabi/lib/thumb/v7-m/nofp\libc_nano.a(lib_a-init.o)
                0x00000000080028a8                __libc_init_array
 .text.memcpy   0x00000000080028f0       0x1c c:/st/stm32cubeide_1.12.1/stm32cubeide/plugins/com.st.stm32cube.ide.mcu.externaltools.gnu-tools-for-stm32.10.3-2021.10.win32_1.0.200.202301161003/tools/bin/../lib/gcc/arm-none-eabi/10.3.1/../../../../arm-none-eabi/lib/thumb/v7-m/nofp\libc_nano.a(lib_a-memcpy-stub.o)
                0x00000000080028f0                memcpy
 .text.memset   0x000000000800290c       0x10 c:/st/stm32cubeide_1.12.1/stm32cubeide/plugins/com.st.stm32cube.ide.mcu.externaltools.gnu-tools-for-stm32.10.3-2021.10.win32_1.0.200.202301161003/tools/bin/../lib/gcc/arm-none-eabi/10.3.1/../../../../arm-none-eabi/lib/thumb/v7-m/nofp\libc_nano.a(lib_a-memset.o)
                0x000000000800290c                memset
 .text.sprintf  0x000000000800291c       0x40 c:/st/stm32cubeide_1.12.1/stm32cubeide/plugins/com.st.stm32cube.ide.mcu.externaltools.gnu-tools-for-stm32.10.3-2021.10.win32_1.0.200.202301161003/tools/bin/../lib/gcc/arm-none-eabi/10.3.1/../../../../arm-none-eabi/lib/thumb/v7-m/nofp\libc_nano.a(lib_a-sprintf.o)
                0x000000000800291c                siprintf
                0x000000000800291c                sprintf
 .text.sscanf   0x000000000800295c       0x54 c:/st/stm32cubeide_1.12.1/stm32cubeide/plugins/com.st.stm32cube.ide.mcu.externaltools.gnu-tools-for-stm32.10.3-2021.10.win32_1.0.200.202301161003/tools/bin/../lib/gcc/arm-none-eabi/10.3.1/../../../../arm-none-eabi/lib/thumb/v7-m/nofp\libc_nano.a(lib_a-sscanf.o)
                0x000000000800295c                siscanf
                0x000000000800295c                sscanf
 .text.__sread  0x00000000080029b0       0x22 c:/st/stm32cubeide_1.12.1/stm32cubeide/plugins/com.st.stm32cube.ide.mcu.externaltools.gnu-tools-for-stm32.10.3-2021.10.win32_1.0.200.202301161003/tools/bin/../lib/gcc/arm-none-eabi/10.3.1/../../../../arm-none-eabi/lib/thumb/v7-m/nofp\libc_nano.a(lib_a-stdio.o)
                0x00000000080029b0                __sread
 .text.__seofread
                0x00000000080029d2        0x4 c:/st/stm32cubeide_1.12.1/stm32cubeide/plugins/com.st.stm32cube.ide.mcu.externaltools.gnu-tools-for-stm32.10.3-2021.10.win32_1.0.200.202301161003/tools/bin/../lib/gcc/arm-none-eabi/10.3.1/../../../../arm-none-eabi/lib/thumb/v7-m/nofp\libc_nano.a(lib_a-stdio.o)
                0x00000000080029d2                __seofread
 .text.__swrite
                0x00000000080029d6       0x38 c:/st/stm32cubeide_1.12.1/stm32cubeide/plugins/com.st.stm32cube.ide.mcu.externaltools.gnu-tools-for-stm32.10.3-2021.10.win32_1.0.200.202301161003/tools/bin/../lib/gcc/arm-none-eabi/10.3.1/../../../../arm-none-eabi/lib/thumb/v7-m/nofp\libc_nano.a(lib_a-stdio.o)
                0x00000000080029d6                __swrite
 .text.__sseek  0x0000000008002a0e       0x24 c:/st/stm32cubeide_1.12.1/stm32cubeide/plugins/com.st.stm32cube.ide.mcu.externaltools.gnu-tools-for-stm32.10.3-2021.10.win32_1.0.200.202301161003/tools/bin/../lib/gcc/arm-none-eabi/10.3.1/../../../../arm-none-eabi/lib/thumb/v7-m/nofp\libc_nano.a(lib_a-stdio.o)
                0x0000000008002a0e                __sseek
 .text.__sclose
                0x0000000008002a32        0x8 c:/st/stm32cubeide_1.12.1/stm32cubeide/plugins/com.st.stm32cube.ide.mcu.externaltools.gnu-tools-for-stm32.10.3-2021.10.win32_1.0.200.202301161003/tools/bin/../lib/gcc/arm-none-eabi/10.3.1/../../../../arm-none-eabi/lib/thumb/v7-m/nofp\libc_nano.a(lib_a-stdio.o)
                0x0000000008002a32                __sclose
 .text.strcpy   0x0000000008002a3a       0x10 c:/st/stm32cubeide_1.12.1/stm32cubeide/plugins/com.st.stm32cube.ide.mcu.externaltools.gnu-tools-for-stm32.10.3-2021.10.win32_1.0.200.202301161003/tools/bin/../lib/gcc/arm-none-eabi/10.3.1/../../../../arm-none-eabi/lib/thumb/v7-m/nofp\libc_nano.a(lib_a-strcpy.o)
                0x0000000008002a3a                strcpy
 .text.strpbrk  0x0000000008002a4a       0x30 c:/st/stm32cubeide_1.12.1/stm32cubeide/plugins/com.st.stm32cube.ide.mcu.externaltools.gnu-tools-for-stm32.10.3-2021.10.win32_1.0.200.202301161003/tools/bin/../lib/gcc/arm-none-eabi/10.3.1/../../../../arm-none-eabi/lib/thumb/v7-m/nofp\libc_nano.a(lib_a-strpbrk.o)
                0x0000000008002a4a                strpbrk
 .text.strstr   0x0000000008002a7a       0x2c c:/st/stm32cubeide_1.12.1/stm32cubeide/plugins/com.st.stm32cube.ide.mcu.externaltools.gnu-tools-for-stm32.10.3-2021.10.win32_1.0.200.202301161003/tools/bin/../lib/gcc/arm-none-eabi/10.3.1/../../../../arm-none-eabi/lib/thumb/v7-m/nofp\libc_nano.a(lib_a-strstr.o)
                0x0000000008002a7a                strstr
 *fill*         0x0000000008002aa6        0x2 
 .text.strtok   0x0000000008002aa8       0x68 c:/st/stm32cubeide_1.12.1/stm32cubeide/plugins/com.st.stm32cube.ide.mcu.externaltools.gnu-tools-for-stm32.10.3-2021.10.win32_1.0.200.202301161003/tools/bin/../lib/gcc/arm-none-eabi/10.3.1/../../../../arm-none-eabi/lib/thumb/v7-m/nofp\libc_nano.a(lib_a-strtok.o)
                0x0000000008002aa8                strtok
 .text.__strtok_r
                0x0000000008002b10       0x50 c:/st/stm32cubeide_1.12.1/stm32cubeide/plugins/com.st.stm32cube.ide.mcu.externaltools.gnu-tools-for-stm32.10.3-2021.10.win32_1.0.200.202301161003/tools/bin/../lib/gcc/arm-none-eabi/10.3.1/../../../../arm-none-eabi/lib/thumb/v7-m/nofp\libc_nano.a(lib_a-strtok_r.o)
                0x0000000008002b10                __strtok_r
 .text._write_r
                0x0000000008002b60       0x24 c:/st/stm32cubeide_1.12.1/stm32cubeide/plugins/com.st.stm32cube.ide.mcu.externaltools.gnu-tools-for-stm32.10.3-2021.10.win32_1.0.200.202301161003/tools/bin/../lib/gcc/arm-none-eabi/10.3.1/../../../../arm-none-eabi/lib/thumb/v7-m/nofp\libc_nano.a(lib_a-writer.o)
                0x0000000008002b60                _write_r
 .text.__assert_func
                0x0000000008002b84       0x3c c:/st/stm32cubeide_1.12.1/stm32cubeide/plugins/com.st.stm32cube.ide.mcu.externaltools.gnu-tools-for-stm32.10.3-2021.10.win32_1.0.200.202301161003/tools/bin/../lib/gcc/arm-none-eabi/10.3.1/../../../../arm-none-eabi/lib/thumb/v7-m/nofp\libc_nano.a(lib_a-assert.o)
                0x0000000008002b84                __assert_func
 .text._close_r
                0x0000000008002bc0       0x20 c:/st/stm32cubeide_1.12.1/stm32cubeide/plugins/com.st.stm32cube.ide.mcu.externaltools.gnu-tools-for-stm32.10.3-2021.10.win32_1.0.200.202301161003/tools/bin/../lib/gcc/arm-none-eabi/10.3.1/../../../../arm-none-eabi/lib/thumb/v7-m/nofp\libc_nano.a(lib_a-closer.o)
                0x0000000008002bc0                _close_r
 .text.fprintf  0x0000000008002be0       0x24 c:/st/stm32cubeide_1.12.1/stm32cubeide/plugins/com.st.stm32cube.ide.mcu.externaltools.gnu-tools-for-stm32.10.3-2021.10.win32_1.0.200.202301161003/tools/bin/../lib/gcc/arm-none-eabi/10.3.1/../../../../arm-none-eabi/lib/thumb/v7-m/nofp\libc_nano.a(lib_a-fprintf.o)
                0x0000000008002be0                fiprintf
                0x0000000008002be0                fprintf
 .text._lseek_r
                0x0000000008002c04       0x24 c:/st/stm32cubeide_1.12.1/stm32cubeide/plugins/com.st.stm32cube.ide.mcu.externaltools.gnu-tools-for-stm32.10.3-2021.10.win32_1.0.200.202301161003/tools/bin/../lib/gcc/arm-none-eabi/10.3.1/../../../../arm-none-eabi/lib/thumb/v7-m/nofp\libc_nano.a(lib_a-lseekr.o)
                0x0000000008002c04                _lseek_r
 .text.malloc   0x0000000008002c28       0x10 c:/st/stm32cubeide_1.12.1/stm32cubeide/plugins/com.st.stm32cube.ide.mcu.externaltools.gnu-tools-for-stm32.10.3-2021.10.win32_1.0.200.202301161003/tools/bin/../lib/gcc/arm-none-eabi/10.3.1/../../../../arm-none-eabi/lib/thumb/v7-m/nofp\libc_nano.a(lib_a-malloc.o)
                0x0000000008002c28                malloc
 .text._free_r  0x0000000008002c38       0x90 c:/st/stm32cubeide_1.12.1/stm32cubeide/plugins/com.st.stm32cube.ide.mcu.externaltools.gnu-tools-for-stm32.10.3-2021.10.win32_1.0.200.202301161003/tools/bin/../lib/gcc/arm-none-eabi/10.3.1/../../../../arm-none-eabi/lib/thumb/v7-m/nofp\libc_nano.a(lib_a-nano-freer.o)
                0x0000000008002c38                _free_r
 .text.sbrk_aligned
                0x0000000008002cc8       0x40 c:/st/stm32cubeide_1.12.1/stm32cubeide/plugins/com.st.stm32cube.ide.mcu.externaltools.gnu-tools-for-stm32.10.3-2021.10.win32_1.0.200.202301161003/tools/bin/../lib/gcc/arm-none-eabi/10.3.1/../../../../arm-none-eabi/lib/thumb/v7-m/nofp\libc_nano.a(lib_a-nano-mallocr.o)
 .text._malloc_r
                0x0000000008002d08       0xe8 c:/st/stm32cubeide_1.12.1/stm32cubeide/plugins/com.st.stm32cube.ide.mcu.externaltools.gnu-tools-for-stm32.10.3-2021.10.win32_1.0.200.202301161003/tools/bin/../lib/gcc/arm-none-eabi/10.3.1/../../../../arm-none-eabi/lib/thumb/v7-m/nofp\libc_nano.a(lib_a-nano-mallocr.o)
                0x0000000008002d08                _malloc_r
 .text.__ssputs_r
                0x0000000008002df0       0xb6 c:/st/stm32cubeide_1.12.1/stm32cubeide/plugins/com.st.stm32cube.ide.mcu.externaltools.gnu-tools-for-stm32.10.3-2021.10.win32_1.0.200.202301161003/tools/bin/../lib/gcc/arm-none-eabi/10.3.1/../../../../arm-none-eabi/lib/thumb/v7-m/nofp\libc_nano.a(lib_a-nano-svfprintf.o)
                0x0000000008002df0                __ssputs_r
 *fill*         0x0000000008002ea6        0x2 
 .text._svfprintf_r
                0x0000000008002ea8      0x200 c:/st/stm32cubeide_1.12.1/stm32cubeide/plugins/com.st.stm32cube.ide.mcu.externaltools.gnu-tools-for-stm32.10.3-2021.10.win32_1.0.200.202301161003/tools/bin/../lib/gcc/arm-none-eabi/10.3.1/../../../../arm-none-eabi/lib/thumb/v7-m/nofp\libc_nano.a(lib_a-nano-svfprintf.o)
                0x0000000008002ea8                _svfiprintf_r
                0x0000000008002ea8                _svfprintf_r
 .text._sungetc_r
                0x00000000080030a8       0x7a c:/st/stm32cubeide_1.12.1/stm32cubeide/plugins/com.st.stm32cube.ide.mcu.externaltools.gnu-tools-for-stm32.10.3-2021.10.win32_1.0.200.202301161003/tools/bin/../lib/gcc/arm-none-eabi/10.3.1/../../../../arm-none-eabi/lib/thumb/v7-m/nofp\libc_nano.a(lib_a-nano-svfscanf.o)
                0x00000000080030a8                _sungetc_r
 .text.__ssrefill_r
                0x0000000008003122       0x3a c:/st/stm32cubeide_1.12.1/stm32cubeide/plugins/com.st.stm32cube.ide.mcu.externaltools.gnu-tools-for-stm32.10.3-2021.10.win32_1.0.200.202301161003/tools/bin/../lib/gcc/arm-none-eabi/10.3.1/../../../../arm-none-eabi/lib/thumb/v7-m/nofp\libc_nano.a(lib_a-nano-svfscanf.o)
                0x0000000008003122                __ssrefill_r
 .text.__ssvfscanf_r
                0x000000000800315c      0x2f4 c:/st/stm32cubeide_1.12.1/stm32cubeide/plugins/com.st.stm32cube.ide.mcu.externaltools.gnu-tools-for-stm32.10.3-2021.10.win32_1.0.200.202301161003/tools/bin/../lib/gcc/arm-none-eabi/10.3.1/../../../../arm-none-eabi/lib/thumb/v7-m/nofp\libc_nano.a(lib_a-nano-svfscanf.o)
                0x000000000800315c                __ssvfiscanf_r
                0x000000000800315c                __ssvfscanf_r
 .text.__sfputc_r
                0x0000000008003450       0x2a c:/st/stm32cubeide_1.12.1/stm32cubeide/plugins/com.st.stm32cube.ide.mcu.externaltools.gnu-tools-for-stm32.10.3-2021.10.win32_1.0.200.202301161003/tools/bin/../lib/gcc/arm-none-eabi/10.3.1/../../../../arm-none-eabi/lib/thumb/v7-m/nofp\libc_nano.a(lib_a-nano-vfprintf.o)
 .text.__sfputs_r
                0x000000000800347a       0x24 c:/st/stm32cubeide_1.12.1/stm32cubeide/plugins/com.st.stm32cube.ide.mcu.externaltools.gnu-tools-for-stm32.10.3-2021.10.win32_1.0.200.202301161003/tools/bin/../lib/gcc/arm-none-eabi/10.3.1/../../../../arm-none-eabi/lib/thumb/v7-m/nofp\libc_nano.a(lib_a-nano-vfprintf.o)
                0x000000000800347a                __sfputs_r
 *fill*         0x000000000800349e        0x2 
 .text._vfprintf_r
                0x00000000080034a0      0x260 c:/st/stm32cubeide_1.12.1/stm32cubeide/plugins/com.st.stm32cube.ide.mcu.externaltools.gnu-tools-for-stm32.10.3-2021.10.win32_1.0.200.202301161003/tools/bin/../lib/gcc/arm-none-eabi/10.3.1/../../../../arm-none-eabi/lib/thumb/v7-m/nofp\libc_nano.a(lib_a-nano-vfprintf.o)
                0x00000000080034a0                _vfprintf_r
                0x00000000080034a0                _vfiprintf_r
 .text._printf_common
                0x0000000008003700       0xde c:/st/stm32cubeide_1.12.1/stm32cubeide/plugins/com.st.stm32cube.ide.mcu.externaltools.gnu-tools-for-stm32.10.3-2021.10.win32_1.0.200.202301161003/tools/bin/../lib/gcc/arm-none-eabi/10.3.1/../../../../arm-none-eabi/lib/thumb/v7-m/nofp\libc_nano.a(lib_a-nano-vfprintf_i.o)
                0x0000000008003700                _printf_common
 *fill*         0x00000000080037de        0x2 
 .text._printf_i
                0x00000000080037e0      0x24c c:/st/stm32cubeide_1.12.1/stm32cubeide/plugins/com.st.stm32cube.ide.mcu.externaltools.gnu-tools-for-stm32.10.3-2021.10.win32_1.0.200.202301161003/tools/bin/../lib/gcc/arm-none-eabi/10.3.1/../../../../arm-none-eabi/lib/thumb/v7-m/nofp\libc_nano.a(lib_a-nano-vfprintf_i.o)
                0x00000000080037e0                _printf_i
 .text._scanf_chars
                0x0000000008003a2c       0xb4 c:/st/stm32cubeide_1.12.1/stm32cubeide/plugins/com.st.stm32cube.ide.mcu.externaltools.gnu-tools-for-stm32.10.3-2021.10.win32_1.0.200.202301161003/tools/bin/../lib/gcc/arm-none-eabi/10.3.1/../../../../arm-none-eabi/lib/thumb/v7-m/nofp\libc_nano.a(lib_a-nano-vfscanf_i.o)
                0x0000000008003a2c                _scanf_chars
 .text._scanf_i
                0x0000000008003ae0      0x1f0 c:/st/stm32cubeide_1.12.1/stm32cubeide/plugins/com.st.stm32cube.ide.mcu.externaltools.gnu-tools-for-stm32.10.3-2021.10.win32_1.0.200.202301161003/tools/bin/../lib/gcc/arm-none-eabi/10.3.1/../../../../arm-none-eabi/lib/thumb/v7-m/nofp\libc_nano.a(lib_a-nano-vfscanf_i.o)
                0x0000000008003ae0                _scanf_i
 .text._read_r  0x0000000008003cd0       0x24 c:/st/stm32cubeide_1.12.1/stm32cubeide/plugins/com.st.stm32cube.ide.mcu.externaltools.gnu-tools-for-stm32.10.3-2021.10.win32_1.0.200.202301161003/tools/bin/../lib/gcc/arm-none-eabi/10.3.1/../../../../arm-none-eabi/lib/thumb/v7-m/nofp\libc_nano.a(lib_a-readr.o)
                0x0000000008003cd0                _read_r
 .text._sbrk_r  0x0000000008003cf4       0x20 c:/st/stm32cubeide_1.12.1/stm32cubeide/plugins/com.st.stm32cube.ide.mcu.externaltools.gnu-tools-for-stm32.10.3-2021.10.win32_1.0.200.202301161003/tools/bin/../lib/gcc/arm-none-eabi/10.3.1/../../../../arm-none-eabi/lib/thumb/v7-m/nofp\libc_nano.a(lib_a-sbrkr.o)
                0x0000000008003cf4                _sbrk_r
 .text.__sccl   0x0000000008003d14       0x70 c:/st/stm32cubeide_1.12.1/stm32cubeide/plugins/com.st.stm32cube.ide.mcu.externaltools.gnu-tools-for-stm32.10.3-2021.10.win32_1.0.200.202301161003/tools/bin/../lib/gcc/arm-none-eabi/10.3.1/../../../../arm-none-eabi/lib/thumb/v7-m/nofp\libc_nano.a(lib_a-sccl.o)
                0x0000000008003d14                __sccl
 .text._strtol_l.constprop.0
                0x0000000008003d84       0xf8 c:/st/stm32cubeide_1.12.1/stm32cubeide/plugins/com.st.stm32cube.ide.mcu.externaltools.gnu-tools-for-stm32.10.3-2021.10.win32_1.0.200.202301161003/tools/bin/../lib/gcc/arm-none-eabi/10.3.1/../../../../arm-none-eabi/lib/thumb/v7-m/nofp\libc_nano.a(lib_a-strtol.o)
 .text._strtol_r
                0x0000000008003e7c        0x4 c:/st/stm32cubeide_1.12.1/stm32cubeide/plugins/com.st.stm32cube.ide.mcu.externaltools.gnu-tools-for-stm32.10.3-2021.10.win32_1.0.200.202301161003/tools/bin/../lib/gcc/arm-none-eabi/10.3.1/../../../../arm-none-eabi/lib/thumb/v7-m/nofp\libc_nano.a(lib_a-strtol.o)
                0x0000000008003e7c                _strtol_r
 .text._strtoul_l.constprop.0
                0x0000000008003e80       0xe4 c:/st/stm32cubeide_1.12.1/stm32cubeide/plugins/com.st.stm32cube.ide.mcu.externaltools.gnu-tools-for-stm32.10.3-2021.10.win32_1.0.200.202301161003/tools/bin/../lib/gcc/arm-none-eabi/10.3.1/../../../../arm-none-eabi/lib/thumb/v7-m/nofp\libc_nano.a(lib_a-strtoul.o)
 .text._strtoul_r
                0x0000000008003f64        0x4 c:/st/stm32cubeide_1.12.1/stm32cubeide/plugins/com.st.stm32cube.ide.mcu.externaltools.gnu-tools-for-stm32.10.3-2021.10.win32_1.0.200.202301161003/tools/bin/../lib/gcc/arm-none-eabi/10.3.1/../../../../arm-none-eabi/lib/thumb/v7-m/nofp\libc_nano.a(lib_a-strtoul.o)
                0x0000000008003f64                _strtoul_r
 .text.__submore
                0x0000000008003f68       0x70 c:/st/stm32cubeide_1.12.1/stm32cubeide/plugins/com.st.stm32cube.ide.mcu.externaltools.gnu-tools-for-stm32.10.3-2021.10.win32_1.0.200.202301161003/tools/bin/../lib/gcc/arm-none-eabi/10.3.1/../../../../arm-none-eabi/lib/thumb/v7-m/nofp\libc_nano.a(lib_a-ungetc.o)
                0x0000000008003f68                __submore
 .text.__swbuf_r
                0x0000000008003fd8       0xa4 c:/st/stm32cubeide_1.12.1/stm32cubeide/plugins/com.st.stm32cube.ide.mcu.externaltools.gnu-tools-for-stm32.10.3-2021.10.win32_1.0.200.202301161003/tools/bin/../lib/gcc/arm-none-eabi/10.3.1/../../../../arm-none-eabi/lib/thumb/v7-m/nofp\libc_nano.a(lib_a-wbuf.o)
                0x0000000008003fd8                __swbuf_r
 .text.__swsetup_r
                0x000000000800407c       0xdc c:/st/stm32cubeide_1.12.1/stm32cubeide/plugins/com.st.stm32cube.ide.mcu.externaltools.gnu-tools-for-stm32.10.3-2021.10.win32_1.0.200.202301161003/tools/bin/../lib/gcc/arm-none-eabi/10.3.1/../../../../arm-none-eabi/lib/thumb/v7-m/nofp\libc_nano.a(lib_a-wsetup.o)
                0x000000000800407c                __swsetup_r
 .text.abort    0x0000000008004158        0xe c:/st/stm32cubeide_1.12.1/stm32cubeide/plugins/com.st.stm32cube.ide.mcu.externaltools.gnu-tools-for-stm32.10.3-2021.10.win32_1.0.200.202301161003/tools/bin/../lib/gcc/arm-none-eabi/10.3.1/../../../../arm-none-eabi/lib/thumb/v7-m/nofp\libc_nano.a(lib_a-abort.o)
                0x0000000008004158                abort
 *fill*         0x0000000008004166        0x2 
 .text.__sflush_r
                0x0000000008004168      0x104 c:/st/stm32cubeide_1.12.1/stm32cubeide/plugins/com.st.stm32cube.ide.mcu.externaltools.gnu-tools-for-stm32.10.3-2021.10.win32_1.0.200.202301161003/tools/bin/../lib/gcc/arm-none-eabi/10.3.1/../../../../arm-none-eabi/lib/thumb/v7-m/nofp\libc_nano.a(lib_a-fflush.o)
                0x0000000008004168                __sflush_r
 .text._fflush_r
                0x000000000800426c       0x78 c:/st/stm32cubeide_1.12.1/stm32cubeide/plugins/com.st.stm32cube.ide.mcu.externaltools.gnu-tools-for-stm32.10.3-2021.10.win32_1.0.200.202301161003/tools/bin/../lib/gcc/arm-none-eabi/10.3.1/../../../../arm-none-eabi/lib/thumb/v7-m/nofp\libc_nano.a(lib_a-fflush.o)
                0x000000000800426c                _fflush_r
 .text.std      0x00000000080042e4       0x48 c:/st/stm32cubeide_1.12.1/stm32cubeide/plugins/com.st.stm32cube.ide.mcu.externaltools.gnu-tools-for-stm32.10.3-2021.10.win32_1.0.200.202301161003/tools/bin/../lib/gcc/arm-none-eabi/10.3.1/../../../../arm-none-eabi/lib/thumb/v7-m/nofp\libc_nano.a(lib_a-findfp.o)
 .text._cleanup_r
                0x000000000800432c        0xc c:/st/stm32cubeide_1.12.1/stm32cubeide/plugins/com.st.stm32cube.ide.mcu.externaltools.gnu-tools-for-stm32.10.3-2021.10.win32_1.0.200.202301161003/tools/bin/../lib/gcc/arm-none-eabi/10.3.1/../../../../arm-none-eabi/lib/thumb/v7-m/nofp\libc_nano.a(lib_a-findfp.o)
                0x000000000800432c                _cleanup_r
 .text.__sfmoreglue
                0x0000000008004338       0x2c c:/st/stm32cubeide_1.12.1/stm32cubeide/plugins/com.st.stm32cube.ide.mcu.externaltools.gnu-tools-for-stm32.10.3-2021.10.win32_1.0.200.202301161003/tools/bin/../lib/gcc/arm-none-eabi/10.3.1/../../../../arm-none-eabi/lib/thumb/v7-m/nofp\libc_nano.a(lib_a-findfp.o)
                0x0000000008004338                __sfmoreglue
 .text.__sfp_lock_acquire
                0x0000000008004364        0xc c:/st/stm32cubeide_1.12.1/stm32cubeide/plugins/com.st.stm32cube.ide.mcu.externaltools.gnu-tools-for-stm32.10.3-2021.10.win32_1.0.200.202301161003/tools/bin/../lib/gcc/arm-none-eabi/10.3.1/../../../../arm-none-eabi/lib/thumb/v7-m/nofp\libc_nano.a(lib_a-findfp.o)
                0x0000000008004364                __sfp_lock_acquire
 .text.__sfp_lock_release
                0x0000000008004370        0xc c:/st/stm32cubeide_1.12.1/stm32cubeide/plugins/com.st.stm32cube.ide.mcu.externaltools.gnu-tools-for-stm32.10.3-2021.10.win32_1.0.200.202301161003/tools/bin/../lib/gcc/arm-none-eabi/10.3.1/../../../../arm-none-eabi/lib/thumb/v7-m/nofp\libc_nano.a(lib_a-findfp.o)
                0x0000000008004370                __sfp_lock_release
 .text.__sinit_lock_acquire
                0x000000000800437c        0xc c:/st/stm32cubeide_1.12.1/stm32cubeide/plugins/com.st.stm32cube.ide.mcu.externaltools.gnu-tools-for-stm32.10.3-2021.10.win32_1.0.200.202301161003/tools/bin/../lib/gcc/arm-none-eabi/10.3.1/../../../../arm-none-eabi/lib/thumb/v7-m/nofp\libc_nano.a(lib_a-findfp.o)
                0x000000000800437c                __sinit_lock_acquire
 .text.__sinit_lock_release
                0x0000000008004388        0xc c:/st/stm32cubeide_1.12.1/stm32cubeide/plugins/com.st.stm32cube.ide.mcu.externaltools.gnu-tools-for-stm32.10.3-2021.10.win32_1.0.200.202301161003/tools/bin/../lib/gcc/arm-none-eabi/10.3.1/../../../../arm-none-eabi/lib/thumb/v7-m/nofp\libc_nano.a(lib_a-findfp.o)
                0x0000000008004388                __sinit_lock_release
 .text.__sinit  0x0000000008004394       0x70 c:/st/stm32cubeide_1.12.1/stm32cubeide/plugins/com.st.stm32cube.ide.mcu.externaltools.gnu-tools-for-stm32.10.3-2021.10.win32_1.0.200.202301161003/tools/bin/../lib/gcc/arm-none-eabi/10.3.1/../../../../arm-none-eabi/lib/thumb/v7-m/nofp\libc_nano.a(lib_a-findfp.o)
                0x0000000008004394                __sinit
 .text.__sfp    0x0000000008004404       0x8c c:/st/stm32cubeide_1.12.1/stm32cubeide/plugins/com.st.stm32cube.ide.mcu.externaltools.gnu-tools-for-stm32.10.3-2021.10.win32_1.0.200.202301161003/tools/bin/../lib/gcc/arm-none-eabi/10.3.1/../../../../arm-none-eabi/lib/thumb/v7-m/nofp\libc_nano.a(lib_a-findfp.o)
                0x0000000008004404                __sfp
 .text._fwalk_reent
                0x0000000008004490       0x3e c:/st/stm32cubeide_1.12.1/stm32cubeide/plugins/com.st.stm32cube.ide.mcu.externaltools.gnu-tools-for-stm32.10.3-2021.10.win32_1.0.200.202301161003/tools/bin/../lib/gcc/arm-none-eabi/10.3.1/../../../../arm-none-eabi/lib/thumb/v7-m/nofp\libc_nano.a(lib_a-fwalk.o)
                0x0000000008004490                _fwalk_reent
 .text.__retarget_lock_init_recursive
                0x00000000080044ce        0x2 c:/st/stm32cubeide_1.12.1/stm32cubeide/plugins/com.st.stm32cube.ide.mcu.externaltools.gnu-tools-for-stm32.10.3-2021.10.win32_1.0.200.202301161003/tools/bin/../lib/gcc/arm-none-eabi/10.3.1/../../../../arm-none-eabi/lib/thumb/v7-m/nofp\libc_nano.a(lib_a-lock.o)
                0x00000000080044ce                __retarget_lock_init_recursive
 .text.__retarget_lock_acquire_recursive
                0x00000000080044d0        0x2 c:/st/stm32cubeide_1.12.1/stm32cubeide/plugins/com.st.stm32cube.ide.mcu.externaltools.gnu-tools-for-stm32.10.3-2021.10.win32_1.0.200.202301161003/tools/bin/../lib/gcc/arm-none-eabi/10.3.1/../../../../arm-none-eabi/lib/thumb/v7-m/nofp\libc_nano.a(lib_a-lock.o)
                0x00000000080044d0                __retarget_lock_acquire_recursive
 .text.__retarget_lock_release_recursive
                0x00000000080044d2        0x2 c:/st/stm32cubeide_1.12.1/stm32cubeide/plugins/com.st.stm32cube.ide.mcu.externaltools.gnu-tools-for-stm32.10.3-2021.10.win32_1.0.200.202301161003/tools/bin/../lib/gcc/arm-none-eabi/10.3.1/../../../../arm-none-eabi/lib/thumb/v7-m/nofp\libc_nano.a(lib_a-lock.o)
                0x00000000080044d2                __retarget_lock_release_recursive
 .text.__swhatbuf_r
                0x00000000080044d4       0x4a c:/st/stm32cubeide_1.12.1/stm32cubeide/plugins/com.st.stm32cube.ide.mcu.externaltools.gnu-tools-for-stm32.10.3-2021.10.win32_1.0.200.202301161003/tools/bin/../lib/gcc/arm-none-eabi/10.3.1/../../../../arm-none-eabi/lib/thumb/v7-m/nofp\libc_nano.a(lib_a-makebuf.o)
                0x00000000080044d4                __swhatbuf_r
 *fill*         0x000000000800451e        0x2 
 .text.__smakebuf_r
                0x0000000008004520       0x80 c:/st/stm32cubeide_1.12.1/stm32cubeide/plugins/com.st.stm32cube.ide.mcu.externaltools.gnu-tools-for-stm32.10.3-2021.10.win32_1.0.200.202301161003/tools/bin/../lib/gcc/arm-none-eabi/10.3.1/../../../../arm-none-eabi/lib/thumb/v7-m/nofp\libc_nano.a(lib_a-makebuf.o)
                0x0000000008004520                __smakebuf_r
 .text.memchr   0x00000000080045a0       0x1c c:/st/stm32cubeide_1.12.1/stm32cubeide/plugins/com.st.stm32cube.ide.mcu.externaltools.gnu-tools-for-stm32.10.3-2021.10.win32_1.0.200.202301161003/tools/bin/../lib/gcc/arm-none-eabi/10.3.1/../../../../arm-none-eabi/lib/thumb/v7-m/nofp\libc_nano.a(lib_a-memchr-stub.o)
                0x00000000080045a0                memchr
 .text.memmove  0x00000000080045bc       0x34 c:/st/stm32cubeide_1.12.1/stm32cubeide/plugins/com.st.stm32cube.ide.mcu.externaltools.gnu-tools-for-stm32.10.3-2021.10.win32_1.0.200.202301161003/tools/bin/../lib/gcc/arm-none-eabi/10.3.1/../../../../arm-none-eabi/lib/thumb/v7-m/nofp\libc_nano.a(lib_a-memmove.o)
                0x00000000080045bc                memmove
 .text.__malloc_lock
                0x00000000080045f0        0xc c:/st/stm32cubeide_1.12.1/stm32cubeide/plugins/com.st.stm32cube.ide.mcu.externaltools.gnu-tools-for-stm32.10.3-2021.10.win32_1.0.200.202301161003/tools/bin/../lib/gcc/arm-none-eabi/10.3.1/../../../../arm-none-eabi/lib/thumb/v7-m/nofp\libc_nano.a(lib_a-mlock.o)
                0x00000000080045f0                __malloc_lock
 .text.__malloc_unlock
                0x00000000080045fc        0xc c:/st/stm32cubeide_1.12.1/stm32cubeide/plugins/com.st.stm32cube.ide.mcu.externaltools.gnu-tools-for-stm32.10.3-2021.10.win32_1.0.200.202301161003/tools/bin/../lib/gcc/arm-none-eabi/10.3.1/../../../../arm-none-eabi/lib/thumb/v7-m/nofp\libc_nano.a(lib_a-mlock.o)
                0x00000000080045fc                __malloc_unlock
 .text._realloc_r
                0x0000000008004608       0x5e c:/st/stm32cubeide_1.12.1/stm32cubeide/plugins/com.st.stm32cube.ide.mcu.externaltools.gnu-tools-for-stm32.10.3-2021.10.win32_1.0.200.202301161003/tools/bin/../lib/gcc/arm-none-eabi/10.3.1/../../../../arm-none-eabi/lib/thumb/v7-m/nofp\libc_nano.a(lib_a-nano-reallocr.o)
                0x0000000008004608                _realloc_r
 .text._raise_r
                0x0000000008004666       0x50 c:/st/stm32cubeide_1.12.1/stm32cubeide/plugins/com.st.stm32cube.ide.mcu.externaltools.gnu-tools-for-stm32.10.3-2021.10.win32_1.0.200.202301161003/tools/bin/../lib/gcc/arm-none-eabi/10.3.1/../../../../arm-none-eabi/lib/thumb/v7-m/nofp\libc_nano.a(lib_a-signal.o)
                0x0000000008004666                _raise_r
 *fill*         0x00000000080046b6        0x2 
 .text.raise    0x00000000080046b8       0x10 c:/st/stm32cubeide_1.12.1/stm32cubeide/plugins/com.st.stm32cube.ide.mcu.externaltools.gnu-tools-for-stm32.10.3-2021.10.win32_1.0.200.202301161003/tools/bin/../lib/gcc/arm-none-eabi/10.3.1/../../../../arm-none-eabi/lib/thumb/v7-m/nofp\libc_nano.a(lib_a-signal.o)
                0x00000000080046b8                raise
 .text._kill_r  0x00000000080046c8       0x24 c:/st/stm32cubeide_1.12.1/stm32cubeide/plugins/com.st.stm32cube.ide.mcu.externaltools.gnu-tools-for-stm32.10.3-2021.10.win32_1.0.200.202301161003/tools/bin/../lib/gcc/arm-none-eabi/10.3.1/../../../../arm-none-eabi/lib/thumb/v7-m/nofp\libc_nano.a(lib_a-signalr.o)
                0x00000000080046c8                _kill_r
 .text._getpid_r
                0x00000000080046ec        0x4 c:/st/stm32cubeide_1.12.1/stm32cubeide/plugins/com.st.stm32cube.ide.mcu.externaltools.gnu-tools-for-stm32.10.3-2021.10.win32_1.0.200.202301161003/tools/bin/../lib/gcc/arm-none-eabi/10.3.1/../../../../arm-none-eabi/lib/thumb/v7-m/nofp\libc_nano.a(lib_a-signalr.o)
                0x00000000080046ec                _getpid_r
 .text._fstat_r
                0x00000000080046f0       0x24 c:/st/stm32cubeide_1.12.1/stm32cubeide/plugins/com.st.stm32cube.ide.mcu.externaltools.gnu-tools-for-stm32.10.3-2021.10.win32_1.0.200.202301161003/tools/bin/../lib/gcc/arm-none-eabi/10.3.1/../../../../arm-none-eabi/lib/thumb/v7-m/nofp\libc_nano.a(lib_a-fstatr.o)
                0x00000000080046f0                _fstat_r
 .text._isatty_r
                0x0000000008004714       0x20 c:/st/stm32cubeide_1.12.1/stm32cubeide/plugins/com.st.stm32cube.ide.mcu.externaltools.gnu-tools-for-stm32.10.3-2021.10.win32_1.0.200.202301161003/tools/bin/../lib/gcc/arm-none-eabi/10.3.1/../../../../arm-none-eabi/lib/thumb/v7-m/nofp\libc_nano.a(lib_a-isattyr.o)
                0x0000000008004714                _isatty_r
 .text._malloc_usable_size_r
                0x0000000008004734       0x10 c:/st/stm32cubeide_1.12.1/stm32cubeide/plugins/com.st.stm32cube.ide.mcu.externaltools.gnu-tools-for-stm32.10.3-2021.10.win32_1.0.200.202301161003/tools/bin/../lib/gcc/arm-none-eabi/10.3.1/../../../../arm-none-eabi/lib/thumb/v7-m/nofp\libc_nano.a(lib_a-nano-msizer.o)
                0x0000000008004734                _malloc_usable_size_r
 *(.glue_7)
 .glue_7        0x0000000008004744        0x0 linker stubs
 *(.glue_7t)
 .glue_7t       0x0000000008004744        0x0 linker stubs
 *(.eh_frame)
 .eh_frame      0x0000000008004744        0x0 c:/st/stm32cubeide_1.12.1/stm32cubeide/plugins/com.st.stm32cube.ide.mcu.externaltools.gnu-tools-for-stm32.10.3-2021.10.win32_1.0.200.202301161003/tools/bin/../lib/gcc/arm-none-eabi/10.3.1/thumb/v7-m/nofp/crtbegin.o
 *(.init)
 .init          0x0000000008004744        0x4 c:/st/stm32cubeide_1.12.1/stm32cubeide/plugins/com.st.stm32cube.ide.mcu.externaltools.gnu-tools-for-stm32.10.3-2021.10.win32_1.0.200.202301161003/tools/bin/../lib/gcc/arm-none-eabi/10.3.1/thumb/v7-m/nofp/crti.o
                0x0000000008004744                _init
 .init          0x0000000008004748        0x8 c:/st/stm32cubeide_1.12.1/stm32cubeide/plugins/com.st.stm32cube.ide.mcu.externaltools.gnu-tools-for-stm32.10.3-2021.10.win32_1.0.200.202301161003/tools/bin/../lib/gcc/arm-none-eabi/10.3.1/thumb/v7-m/nofp/crtn.o
 *(.fini)
 .fini          0x0000000008004750        0x4 c:/st/stm32cubeide_1.12.1/stm32cubeide/plugins/com.st.stm32cube.ide.mcu.externaltools.gnu-tools-for-stm32.10.3-2021.10.win32_1.0.200.202301161003/tools/bin/../lib/gcc/arm-none-eabi/10.3.1/thumb/v7-m/nofp/crti.o
                0x0000000008004750                _fini
 .fini          0x0000000008004754        0x8 c:/st/stm32cubeide_1.12.1/stm32cubeide/plugins/com.st.stm32cube.ide.mcu.externaltools.gnu-tools-for-stm32.10.3-2021.10.win32_1.0.200.202301161003/tools/bin/../lib/gcc/arm-none-eabi/10.3.1/thumb/v7-m/nofp/crtn.o
                0x000000000800475c                . = ALIGN (0x4)
                0x000000000800475c                _etext = .

.vfp11_veneer   0x000000000800475c        0x0
 .vfp11_veneer  0x000000000800475c        0x0 linker stubs

.v4_bx          0x000000000800475c        0x0
 .v4_bx         0x000000000800475c        0x0 linker stubs

.iplt           0x000000000800475c        0x0
 .iplt          0x000000000800475c        0x0 c:/st/stm32cubeide_1.12.1/stm32cubeide/plugins/com.st.stm32cube.ide.mcu.externaltools.gnu-tools-for-stm32.10.3-2021.10.win32_1.0.200.202301161003/tools/bin/../lib/gcc/arm-none-eabi/10.3.1/thumb/v7-m/nofp/crtbegin.o

.rodata         0x000000000800475c      0x50c
                0x000000000800475c                . = ALIGN (0x4)
 *(.rodata)
 .rodata        0x000000000800475c        0xc c:/st/stm32cubeide_1.12.1/stm32cubeide/plugins/com.st.stm32cube.ide.mcu.externaltools.gnu-tools-for-stm32.10.3-2021.10.win32_1.0.200.202301161003/tools/bin/../lib/gcc/arm-none-eabi/10.3.1/../../../../arm-none-eabi/lib/thumb/v7-m/nofp\libc_nano.a(lib_a-nano-vfscanf_i.o)
 *(.rodata*)
 .rodata.main.str1.1
                0x0000000008004768       0x93 ./Core/Src/main.o
 .rodata.BuildGPSCoord.str1.1
                0x00000000080047fb        0xb ./Core/Src/nmea.o
 .rodata.ParseGPRMC.str1.1
                0x0000000008004806       0x33 ./Core/Src/nmea.o
                                         0x36 (size before relaxing)
 .rodata.SIM800L_BatteryCheck.str1.1
                0x0000000008004839        0xa ./Core/Src/sim800l.o
 .rodata.SIM800L_WEBUpdate.str1.1
                0x0000000008004843        0x4 ./Core/Src/sim800l.o
 .rodata.str1.1
                0x0000000008004847      0x175 ./Core/Src/sim800l.o
 .rodata.BATTERY
                0x00000000080049bc        0x9 ./Core/Src/sim800l.o
                0x00000000080049bc                BATTERY
 .rodata.AHBPrescTable
                0x00000000080049c5       0x10 ./Core/Src/system_stm32f1xx.o
                0x00000000080049c5                AHBPrescTable
 .rodata.APBPrescTable
                0x00000000080049d5        0x8 ./Core/Src/system_stm32f1xx.o
                0x00000000080049d5                APBPrescTable
 .rodata.HAL_UART_RxCpltCallback.str1.1
                0x00000000080049dd        0x6 ./Core/Src/usart.o
 .rodata.aPLLMULFactorTable.1
                0x00000000080049e3       0x10 ./Drivers/STM32F1xx_HAL_Driver/Src/stm32f1xx_hal_rcc.o
 .rodata.aPredivFactorTable.0
                0x00000000080049f3        0x2 ./Drivers/STM32F1xx_HAL_Driver/Src/stm32f1xx_hal_rcc.o
 .rodata.aPLLMULFactorTable.1
                0x00000000080049f5       0x10 ./Drivers/STM32F1xx_HAL_Driver/Src/stm32f1xx_hal_rcc_ex.o
 .rodata.aPredivFactorTable.0
                0x0000000008004a05        0x2 ./Drivers/STM32F1xx_HAL_Driver/Src/stm32f1xx_hal_rcc_ex.o
 *fill*         0x0000000008004a07        0x1 
 .rodata._global_impure_ptr
                0x0000000008004a08        0x4 c:/st/stm32cubeide_1.12.1/stm32cubeide/plugins/com.st.stm32cube.ide.mcu.externaltools.gnu-tools-for-stm32.10.3-2021.10.win32_1.0.200.202301161003/tools/bin/../lib/gcc/arm-none-eabi/10.3.1/../../../../arm-none-eabi/lib/thumb/v7-m/nofp\libc_nano.a(lib_a-impure.o)
                0x0000000008004a08                _global_impure_ptr
 .rodata.strtok.str1.1
                0x0000000008004a0c       0x74 c:/st/stm32cubeide_1.12.1/stm32cubeide/plugins/com.st.stm32cube.ide.mcu.externaltools.gnu-tools-for-stm32.10.3-2021.10.win32_1.0.200.202301161003/tools/bin/../lib/gcc/arm-none-eabi/10.3.1/../../../../arm-none-eabi/lib/thumb/v7-m/nofp\libc_nano.a(lib_a-strtok.o)
 .rodata.__assert_func.str1.1
                0x0000000008004a80       0x3c c:/st/stm32cubeide_1.12.1/stm32cubeide/plugins/com.st.stm32cube.ide.mcu.externaltools.gnu-tools-for-stm32.10.3-2021.10.win32_1.0.200.202301161003/tools/bin/../lib/gcc/arm-none-eabi/10.3.1/../../../../arm-none-eabi/lib/thumb/v7-m/nofp\libc_nano.a(lib_a-assert.o)
                                         0x3d (size before relaxing)
 .rodata._svfprintf_r.str1.1
                0x0000000008004abc       0x11 c:/st/stm32cubeide_1.12.1/stm32cubeide/plugins/com.st.stm32cube.ide.mcu.externaltools.gnu-tools-for-stm32.10.3-2021.10.win32_1.0.200.202301161003/tools/bin/../lib/gcc/arm-none-eabi/10.3.1/../../../../arm-none-eabi/lib/thumb/v7-m/nofp\libc_nano.a(lib_a-nano-svfprintf.o)
 .rodata.__ssvfscanf_r.str1.1
                0x0000000008004acd        0x4 c:/st/stm32cubeide_1.12.1/stm32cubeide/plugins/com.st.stm32cube.ide.mcu.externaltools.gnu-tools-for-stm32.10.3-2021.10.win32_1.0.200.202301161003/tools/bin/../lib/gcc/arm-none-eabi/10.3.1/../../../../arm-none-eabi/lib/thumb/v7-m/nofp\libc_nano.a(lib_a-nano-svfscanf.o)
 .rodata._vfprintf_r.str1.1
                0x0000000008004acd       0x11 c:/st/stm32cubeide_1.12.1/stm32cubeide/plugins/com.st.stm32cube.ide.mcu.externaltools.gnu-tools-for-stm32.10.3-2021.10.win32_1.0.200.202301161003/tools/bin/../lib/gcc/arm-none-eabi/10.3.1/../../../../arm-none-eabi/lib/thumb/v7-m/nofp\libc_nano.a(lib_a-nano-vfprintf.o)
 .rodata._printf_i.str1.1
                0x0000000008004acd       0x22 c:/st/stm32cubeide_1.12.1/stm32cubeide/plugins/com.st.stm32cube.ide.mcu.externaltools.gnu-tools-for-stm32.10.3-2021.10.win32_1.0.200.202301161003/tools/bin/../lib/gcc/arm-none-eabi/10.3.1/../../../../arm-none-eabi/lib/thumb/v7-m/nofp\libc_nano.a(lib_a-nano-vfprintf_i.o)
 .rodata.str1.1
                0x0000000008004aef        0x6 c:/st/stm32cubeide_1.12.1/stm32cubeide/plugins/com.st.stm32cube.ide.mcu.externaltools.gnu-tools-for-stm32.10.3-2021.10.win32_1.0.200.202301161003/tools/bin/../lib/gcc/arm-none-eabi/10.3.1/../../../../arm-none-eabi/lib/thumb/v7-m/nofp\libc_nano.a(lib_a-nano-vfscanf_i.o)
                                          0x9 (size before relaxing)
 .rodata._scanf_i.str1.1
                0x0000000008004af5       0x12 c:/st/stm32cubeide_1.12.1/stm32cubeide/plugins/com.st.stm32cube.ide.mcu.externaltools.gnu-tools-for-stm32.10.3-2021.10.win32_1.0.200.202301161003/tools/bin/../lib/gcc/arm-none-eabi/10.3.1/../../../../arm-none-eabi/lib/thumb/v7-m/nofp\libc_nano.a(lib_a-nano-vfscanf_i.o)
 .rodata._ctype_
                0x0000000008004b07      0x101 c:/st/stm32cubeide_1.12.1/stm32cubeide/plugins/com.st.stm32cube.ide.mcu.externaltools.gnu-tools-for-stm32.10.3-2021.10.win32_1.0.200.202301161003/tools/bin/../lib/gcc/arm-none-eabi/10.3.1/../../../../arm-none-eabi/lib/thumb/v7-m/nofp\libc_nano.a(lib_a-ctype_.o)
                0x0000000008004b07                _ctype_
 .rodata.__sf_fake_stderr
                0x0000000008004c08       0x20 c:/st/stm32cubeide_1.12.1/stm32cubeide/plugins/com.st.stm32cube.ide.mcu.externaltools.gnu-tools-for-stm32.10.3-2021.10.win32_1.0.200.202301161003/tools/bin/../lib/gcc/arm-none-eabi/10.3.1/../../../../arm-none-eabi/lib/thumb/v7-m/nofp\libc_nano.a(lib_a-findfp.o)
                0x0000000008004c08                __sf_fake_stderr
 .rodata.__sf_fake_stdin
                0x0000000008004c28       0x20 c:/st/stm32cubeide_1.12.1/stm32cubeide/plugins/com.st.stm32cube.ide.mcu.externaltools.gnu-tools-for-stm32.10.3-2021.10.win32_1.0.200.202301161003/tools/bin/../lib/gcc/arm-none-eabi/10.3.1/../../../../arm-none-eabi/lib/thumb/v7-m/nofp\libc_nano.a(lib_a-findfp.o)
                0x0000000008004c28                __sf_fake_stdin
 .rodata.__sf_fake_stdout
                0x0000000008004c48       0x20 c:/st/stm32cubeide_1.12.1/stm32cubeide/plugins/com.st.stm32cube.ide.mcu.externaltools.gnu-tools-for-stm32.10.3-2021.10.win32_1.0.200.202301161003/tools/bin/../lib/gcc/arm-none-eabi/10.3.1/../../../../arm-none-eabi/lib/thumb/v7-m/nofp\libc_nano.a(lib_a-findfp.o)
                0x0000000008004c48                __sf_fake_stdout
                0x0000000008004c68                . = ALIGN (0x4)

.rel.dyn        0x0000000008004c68        0x0
 .rel.iplt      0x0000000008004c68        0x0 c:/st/stm32cubeide_1.12.1/stm32cubeide/plugins/com.st.stm32cube.ide.mcu.externaltools.gnu-tools-for-stm32.10.3-2021.10.win32_1.0.200.202301161003/tools/bin/../lib/gcc/arm-none-eabi/10.3.1/thumb/v7-m/nofp/crtbegin.o

.ARM.extab      0x0000000008004c68        0x0
                0x0000000008004c68                . = ALIGN (0x4)
 *(.ARM.extab* .gnu.linkonce.armextab.*)
                0x0000000008004c68                . = ALIGN (0x4)

.ARM            0x0000000008004c68        0x0
                0x0000000008004c68                . = ALIGN (0x4)
                0x0000000008004c68                __exidx_start = .
 *(.ARM.exidx*)
                0x0000000008004c68                __exidx_end = .
                0x0000000008004c68                . = ALIGN (0x4)

.preinit_array  0x0000000008004c68        0x0
                0x0000000008004c68                . = ALIGN (0x4)
                0x0000000008004c68                PROVIDE (__preinit_array_start = .)
 *(.preinit_array*)
                0x0000000008004c68                PROVIDE (__preinit_array_end = .)
                0x0000000008004c68                . = ALIGN (0x4)

.init_array     0x0000000008004c68        0x4
                0x0000000008004c68                . = ALIGN (0x4)
                0x0000000008004c68                PROVIDE (__init_array_start = .)
 *(SORT_BY_NAME(.init_array.*))
 *(.init_array*)
 .init_array    0x0000000008004c68        0x4 c:/st/stm32cubeide_1.12.1/stm32cubeide/plugins/com.st.stm32cube.ide.mcu.externaltools.gnu-tools-for-stm32.10.3-2021.10.win32_1.0.200.202301161003/tools/bin/../lib/gcc/arm-none-eabi/10.3.1/thumb/v7-m/nofp/crtbegin.o
                0x0000000008004c6c                PROVIDE (__init_array_end = .)
                0x0000000008004c6c                . = ALIGN (0x4)

.fini_array     0x0000000008004c6c        0x4
                0x0000000008004c6c                . = ALIGN (0x4)
                [!provide]                        PROVIDE (__fini_array_start = .)
 *(SORT_BY_NAME(.fini_array.*))
 *(.fini_array*)
 .fini_array    0x0000000008004c6c        0x4 c:/st/stm32cubeide_1.12.1/stm32cubeide/plugins/com.st.stm32cube.ide.mcu.externaltools.gnu-tools-for-stm32.10.3-2021.10.win32_1.0.200.202301161003/tools/bin/../lib/gcc/arm-none-eabi/10.3.1/thumb/v7-m/nofp/crtbegin.o
                [!provide]                        PROVIDE (__fini_array_end = .)
                0x0000000008004c70                . = ALIGN (0x4)
                0x0000000008004c70                _sidata = LOADADDR (.data)

.data           0x0000000020000000      0x114 load address 0x0000000008004c70
                0x0000000020000000                . = ALIGN (0x4)
                0x0000000020000000                _sdata = .
 *(.data)
 *(.data*)
 .data.decoy    0x0000000020000000       0x53 ./Core/Src/main.o
                0x0000000020000000                decoy
 *fill*         0x0000000020000053        0x1 
 .data.HTTP_PACK
                0x0000000020000054       0x34 ./Core/Src/sim800l.o
                0x0000000020000054                HTTP_PACK
 .data.POWER_PACK
                0x0000000020000088        0xc ./Core/Src/sim800l.o
                0x0000000020000088                POWER_PACK
 .data.RESET_PACK
                0x0000000020000094        0xc ./Core/Src/sim800l.o
                0x0000000020000094                RESET_PACK
 .data.startTransmission.14
                0x00000000200000a0        0x1 ./Core/Src/sim800l.o
 .data.startTransmission.4
                0x00000000200000a1        0x1 ./Core/Src/sim800l.o
 *fill*         0x00000000200000a2        0x2 
 .data.SystemCoreClock
                0x00000000200000a4        0x4 ./Core/Src/system_stm32f1xx.o
                0x00000000200000a4                SystemCoreClock
 .data.uwTickFreq
                0x00000000200000a8        0x1 ./Drivers/STM32F1xx_HAL_Driver/Src/stm32f1xx_hal.o
                0x00000000200000a8                uwTickFreq
 *fill*         0x00000000200000a9        0x3 
 .data.uwTickPrio
                0x00000000200000ac        0x4 ./Drivers/STM32F1xx_HAL_Driver/Src/stm32f1xx_hal.o
                0x00000000200000ac                uwTickPrio
 .data._impure_ptr
                0x00000000200000b0        0x4 c:/st/stm32cubeide_1.12.1/stm32cubeide/plugins/com.st.stm32cube.ide.mcu.externaltools.gnu-tools-for-stm32.10.3-2021.10.win32_1.0.200.202301161003/tools/bin/../lib/gcc/arm-none-eabi/10.3.1/../../../../arm-none-eabi/lib/thumb/v7-m/nofp\libc_nano.a(lib_a-impure.o)
                0x00000000200000b0                _impure_ptr
 .data.impure_data
                0x00000000200000b4       0x60 c:/st/stm32cubeide_1.12.1/stm32cubeide/plugins/com.st.stm32cube.ide.mcu.externaltools.gnu-tools-for-stm32.10.3-2021.10.win32_1.0.200.202301161003/tools/bin/../lib/gcc/arm-none-eabi/10.3.1/../../../../arm-none-eabi/lib/thumb/v7-m/nofp\libc_nano.a(lib_a-impure.o)
 *(.RamFunc)
 *(.RamFunc*)
                0x0000000020000114                . = ALIGN (0x4)
                0x0000000020000114                _edata = .

.igot.plt       0x0000000020000114        0x0 load address 0x0000000008004d84
 .igot.plt      0x0000000020000114        0x0 c:/st/stm32cubeide_1.12.1/stm32cubeide/plugins/com.st.stm32cube.ide.mcu.externaltools.gnu-tools-for-stm32.10.3-2021.10.win32_1.0.200.202301161003/tools/bin/../lib/gcc/arm-none-eabi/10.3.1/thumb/v7-m/nofp/crtbegin.o
                0x0000000020000114                . = ALIGN (0x4)

.bss            0x0000000020000114      0x354 load address 0x0000000008004d84
                0x0000000020000114                _sbss = .
                0x0000000020000114                __bss_start__ = _sbss
 *(.bss)
 .bss           0x0000000020000114       0x1c c:/st/stm32cubeide_1.12.1/stm32cubeide/plugins/com.st.stm32cube.ide.mcu.externaltools.gnu-tools-for-stm32.10.3-2021.10.win32_1.0.200.202301161003/tools/bin/../lib/gcc/arm-none-eabi/10.3.1/thumb/v7-m/nofp/crtbegin.o
 *(.bss*)
 .bss.GPSLat    0x0000000020000130        0xf ./Core/Src/main.o
                0x0000000020000130                GPSLat
 .bss.GPSLong   0x000000002000013f        0xf ./Core/Src/main.o
                0x000000002000013f                GPSLong
 .bss.elDiegoDesbordado
                0x000000002000014e        0x1 ./Core/Src/main.o
                0x000000002000014e                elDiegoDesbordado
 *fill*         0x000000002000014f        0x1 
 .bss.hdma_usart2_rx
                0x0000000020000150       0x44 ./Core/Src/main.o
                0x0000000020000150                hdma_usart2_rx
 .bss.hdma_usart3_rx
                0x0000000020000194       0x44 ./Core/Src/main.o
                0x0000000020000194                hdma_usart3_rx
 .bss.hdma_usart3_tx
                0x00000000200001d8       0x44 ./Core/Src/main.o
                0x00000000200001d8                hdma_usart3_tx
 .bss.hrtc      0x000000002000021c       0x14 ./Core/Src/main.o
                0x000000002000021c                hrtc
 .bss.huart2    0x0000000020000230       0x48 ./Core/Src/main.o
                0x0000000020000230                huart2
 .bss.huart3    0x0000000020000278       0x48 ./Core/Src/main.o
                0x0000000020000278                huart3
 .bss.state     0x00000000200002c0        0x1 ./Core/Src/main.o
                0x00000000200002c0                state
 *fill*         0x00000000200002c1        0x3 
 .bss.source.0  0x00000000200002c4        0x4 ./Core/Src/nmea.o
 .bss.batteryVoltage.12
                0x00000000200002c8        0xa ./Core/Src/sim800l.o
 .bss.dataRead.1
                0x00000000200002d2        0x1 ./Core/Src/sim800l.o
 .bss.i.3       0x00000000200002d3        0x1 ./Core/Src/sim800l.o
 .bss.retryCounter.0
                0x00000000200002d4        0x1 ./Core/Src/sim800l.o
 .bss.retryCounter.10
                0x00000000200002d5        0x1 ./Core/Src/sim800l.o
 .bss.secondResponse.13
                0x00000000200002d6        0x1 ./Core/Src/sim800l.o
 .bss.secondResponse.2
                0x00000000200002d7        0x1 ./Core/Src/sim800l.o
 .bss.__sbrk_heap_end
                0x00000000200002d8        0x4 ./Core/Src/sysmem.o
 .bss.RialShitMoment.1
                0x00000000200002dc        0x1 ./Core/Src/usart.o
 .bss.SIM800L_buffer.2
                0x00000000200002dd       0x64 ./Core/Src/usart.o
 .bss.SIM800L_response
                0x0000000020000341       0x64 ./Core/Src/usart.o
                0x0000000020000341                SIM800L_response
 .bss.cont.3    0x00000000200003a5        0x1 ./Core/Src/usart.o
 .bss.gpsSentenceReady
                0x00000000200003a6        0x1 ./Core/Src/usart.o
                0x00000000200003a6                gpsSentenceReady
 .bss.gps_buffer.4
                0x00000000200003a7       0x53 ./Core/Src/usart.o
 .bss.idx.0     0x00000000200003fa        0x1 ./Core/Src/usart.o
 .bss.idx.5     0x00000000200003fb        0x1 ./Core/Src/usart.o
 .bss.sentence  0x00000000200003fc       0x53 ./Core/Src/usart.o
                0x00000000200003fc                sentence
 .bss.simResponseReady
                0x000000002000044f        0x1 ./Core/Src/usart.o
                0x000000002000044f                simResponseReady
 .bss.usart2_buffer
                0x0000000020000450        0x2 ./Core/Src/usart.o
                0x0000000020000450                usart2_buffer
 .bss.usart3_buffer
                0x0000000020000452        0x2 ./Core/Src/usart.o
                0x0000000020000452                usart3_buffer
 .bss.uwTick    0x0000000020000454        0x4 ./Drivers/STM32F1xx_HAL_Driver/Src/stm32f1xx_hal.o
                0x0000000020000454                uwTick
 .bss.__malloc_free_list
                0x0000000020000458        0x4 c:/st/stm32cubeide_1.12.1/stm32cubeide/plugins/com.st.stm32cube.ide.mcu.externaltools.gnu-tools-for-stm32.10.3-2021.10.win32_1.0.200.202301161003/tools/bin/../lib/gcc/arm-none-eabi/10.3.1/../../../../arm-none-eabi/lib/thumb/v7-m/nofp\libc_nano.a(lib_a-nano-mallocr.o)
                0x0000000020000458                __malloc_free_list
 .bss.__malloc_sbrk_start
                0x000000002000045c        0x4 c:/st/stm32cubeide_1.12.1/stm32cubeide/plugins/com.st.stm32cube.ide.mcu.externaltools.gnu-tools-for-stm32.10.3-2021.10.win32_1.0.200.202301161003/tools/bin/../lib/gcc/arm-none-eabi/10.3.1/../../../../arm-none-eabi/lib/thumb/v7-m/nofp\libc_nano.a(lib_a-nano-mallocr.o)
                0x000000002000045c                __malloc_sbrk_start
 .bss.errno     0x0000000020000460        0x4 c:/st/stm32cubeide_1.12.1/stm32cubeide/plugins/com.st.stm32cube.ide.mcu.externaltools.gnu-tools-for-stm32.10.3-2021.10.win32_1.0.200.202301161003/tools/bin/../lib/gcc/arm-none-eabi/10.3.1/../../../../arm-none-eabi/lib/thumb/v7-m/nofp\libc_nano.a(lib_a-reent.o)
                0x0000000020000460                errno
 .bss.__lock___malloc_recursive_mutex
                0x0000000020000464        0x1 c:/st/stm32cubeide_1.12.1/stm32cubeide/plugins/com.st.stm32cube.ide.mcu.externaltools.gnu-tools-for-stm32.10.3-2021.10.win32_1.0.200.202301161003/tools/bin/../lib/gcc/arm-none-eabi/10.3.1/../../../../arm-none-eabi/lib/thumb/v7-m/nofp\libc_nano.a(lib_a-lock.o)
                0x0000000020000464                __lock___malloc_recursive_mutex
 .bss.__lock___sfp_recursive_mutex
                0x0000000020000465        0x1 c:/st/stm32cubeide_1.12.1/stm32cubeide/plugins/com.st.stm32cube.ide.mcu.externaltools.gnu-tools-for-stm32.10.3-2021.10.win32_1.0.200.202301161003/tools/bin/../lib/gcc/arm-none-eabi/10.3.1/../../../../arm-none-eabi/lib/thumb/v7-m/nofp\libc_nano.a(lib_a-lock.o)
                0x0000000020000465                __lock___sfp_recursive_mutex
 .bss.__lock___sinit_recursive_mutex
                0x0000000020000466        0x1 c:/st/stm32cubeide_1.12.1/stm32cubeide/plugins/com.st.stm32cube.ide.mcu.externaltools.gnu-tools-for-stm32.10.3-2021.10.win32_1.0.200.202301161003/tools/bin/../lib/gcc/arm-none-eabi/10.3.1/../../../../arm-none-eabi/lib/thumb/v7-m/nofp\libc_nano.a(lib_a-lock.o)
                0x0000000020000466                __lock___sinit_recursive_mutex
 *(COMMON)
                0x0000000020000468                . = ALIGN (0x4)
 *fill*         0x0000000020000467        0x1 
                0x0000000020000468                _ebss = .
                0x0000000020000468                __bss_end__ = _ebss

._user_heap_stack
                0x0000000020000468      0x600 load address 0x0000000008004d84
                0x0000000020000468                . = ALIGN (0x8)
                [!provide]                        PROVIDE (end = .)
                0x0000000020000468                PROVIDE (_end = .)
                0x0000000020000668                . = (. + _Min_Heap_Size)
 *fill*         0x0000000020000468      0x200 
                0x0000000020000a68                . = (. + _Min_Stack_Size)
 *fill*         0x0000000020000668      0x400 
                0x0000000020000a68                . = ALIGN (0x8)

/DISCARD/
 libc.a(*)
 libm.a(*)
 libgcc.a(*)

.ARM.attributes
                0x0000000000000000       0x29
 *(.ARM.attributes)
 .ARM.attributes
                0x0000000000000000       0x1d c:/st/stm32cubeide_1.12.1/stm32cubeide/plugins/com.st.stm32cube.ide.mcu.externaltools.gnu-tools-for-stm32.10.3-2021.10.win32_1.0.200.202301161003/tools/bin/../lib/gcc/arm-none-eabi/10.3.1/thumb/v7-m/nofp/crti.o
 .ARM.attributes
                0x000000000000001d       0x2d c:/st/stm32cubeide_1.12.1/stm32cubeide/plugins/com.st.stm32cube.ide.mcu.externaltools.gnu-tools-for-stm32.10.3-2021.10.win32_1.0.200.202301161003/tools/bin/../lib/gcc/arm-none-eabi/10.3.1/thumb/v7-m/nofp/crtbegin.o
 .ARM.attributes
                0x000000000000004a       0x2d ./Core/Src/main.o
 .ARM.attributes
                0x0000000000000077       0x2d ./Core/Src/nmea.o
 .ARM.attributes
                0x00000000000000a4       0x2d ./Core/Src/sim800l.o
 .ARM.attributes
                0x00000000000000d1       0x2d ./Core/Src/stm32f1xx_hal_msp.o
 .ARM.attributes
                0x00000000000000fe       0x2d ./Core/Src/stm32f1xx_it.o
 .ARM.attributes
                0x000000000000012b       0x2d ./Core/Src/syscalls.o
 .ARM.attributes
                0x0000000000000158       0x2d ./Core/Src/sysmem.o
 .ARM.attributes
                0x0000000000000185       0x2d ./Core/Src/system_stm32f1xx.o
 .ARM.attributes
                0x00000000000001b2       0x2d ./Core/Src/usart.o
 .ARM.attributes
                0x00000000000001df       0x21 ./Core/Startup/startup_stm32f103c8tx.o
 .ARM.attributes
                0x0000000000000200       0x2d ./Drivers/STM32F1xx_HAL_Driver/Src/stm32f1xx_hal.o
 .ARM.attributes
                0x000000000000022d       0x2d ./Drivers/STM32F1xx_HAL_Driver/Src/stm32f1xx_hal_cortex.o
 .ARM.attributes
                0x000000000000025a       0x2d ./Drivers/STM32F1xx_HAL_Driver/Src/stm32f1xx_hal_dma.o
 .ARM.attributes
                0x0000000000000287       0x2d ./Drivers/STM32F1xx_HAL_Driver/Src/stm32f1xx_hal_gpio.o
 .ARM.attributes
                0x00000000000002b4       0x2d ./Drivers/STM32F1xx_HAL_Driver/Src/stm32f1xx_hal_pwr.o
 .ARM.attributes
                0x00000000000002e1       0x2d ./Drivers/STM32F1xx_HAL_Driver/Src/stm32f1xx_hal_rcc.o
 .ARM.attributes
                0x000000000000030e       0x2d ./Drivers/STM32F1xx_HAL_Driver/Src/stm32f1xx_hal_rcc_ex.o
 .ARM.attributes
                0x000000000000033b       0x2d ./Drivers/STM32F1xx_HAL_Driver/Src/stm32f1xx_hal_rtc.o
 .ARM.attributes
                0x0000000000000368       0x2d ./Drivers/STM32F1xx_HAL_Driver/Src/stm32f1xx_hal_uart.o
 .ARM.attributes
                0x0000000000000395       0x2d c:/st/stm32cubeide_1.12.1/stm32cubeide/plugins/com.st.stm32cube.ide.mcu.externaltools.gnu-tools-for-stm32.10.3-2021.10.win32_1.0.200.202301161003/tools/bin/../lib/gcc/arm-none-eabi/10.3.1/../../../../arm-none-eabi/lib/thumb/v7-m/nofp\libc_nano.a(lib_a-errno.o)
 .ARM.attributes
                0x00000000000003c2       0x2d c:/st/stm32cubeide_1.12.1/stm32cubeide/plugins/com.st.stm32cube.ide.mcu.externaltools.gnu-tools-for-stm32.10.3-2021.10.win32_1.0.200.202301161003/tools/bin/../lib/gcc/arm-none-eabi/10.3.1/../../../../arm-none-eabi/lib/thumb/v7-m/nofp\libc_nano.a(lib_a-impure.o)
 .ARM.attributes
                0x00000000000003ef       0x2d c:/st/stm32cubeide_1.12.1/stm32cubeide/plugins/com.st.stm32cube.ide.mcu.externaltools.gnu-tools-for-stm32.10.3-2021.10.win32_1.0.200.202301161003/tools/bin/../lib/gcc/arm-none-eabi/10.3.1/../../../../arm-none-eabi/lib/thumb/v7-m/nofp\libc_nano.a(lib_a-init.o)
 .ARM.attributes
                0x000000000000041c       0x2d c:/st/stm32cubeide_1.12.1/stm32cubeide/plugins/com.st.stm32cube.ide.mcu.externaltools.gnu-tools-for-stm32.10.3-2021.10.win32_1.0.200.202301161003/tools/bin/../lib/gcc/arm-none-eabi/10.3.1/../../../../arm-none-eabi/lib/thumb/v7-m/nofp\libc_nano.a(lib_a-memcpy-stub.o)
 .ARM.attributes
                0x0000000000000449       0x2d c:/st/stm32cubeide_1.12.1/stm32cubeide/plugins/com.st.stm32cube.ide.mcu.externaltools.gnu-tools-for-stm32.10.3-2021.10.win32_1.0.200.202301161003/tools/bin/../lib/gcc/arm-none-eabi/10.3.1/../../../../arm-none-eabi/lib/thumb/v7-m/nofp\libc_nano.a(lib_a-memset.o)
 .ARM.attributes
                0x0000000000000476       0x2d c:/st/stm32cubeide_1.12.1/stm32cubeide/plugins/com.st.stm32cube.ide.mcu.externaltools.gnu-tools-for-stm32.10.3-2021.10.win32_1.0.200.202301161003/tools/bin/../lib/gcc/arm-none-eabi/10.3.1/../../../../arm-none-eabi/lib/thumb/v7-m/nofp\libc_nano.a(lib_a-sprintf.o)
 .ARM.attributes
                0x00000000000004a3       0x2d c:/st/stm32cubeide_1.12.1/stm32cubeide/plugins/com.st.stm32cube.ide.mcu.externaltools.gnu-tools-for-stm32.10.3-2021.10.win32_1.0.200.202301161003/tools/bin/../lib/gcc/arm-none-eabi/10.3.1/../../../../arm-none-eabi/lib/thumb/v7-m/nofp\libc_nano.a(lib_a-sscanf.o)
 .ARM.attributes
                0x00000000000004d0       0x2d c:/st/stm32cubeide_1.12.1/stm32cubeide/plugins/com.st.stm32cube.ide.mcu.externaltools.gnu-tools-for-stm32.10.3-2021.10.win32_1.0.200.202301161003/tools/bin/../lib/gcc/arm-none-eabi/10.3.1/../../../../arm-none-eabi/lib/thumb/v7-m/nofp\libc_nano.a(lib_a-stdio.o)
 .ARM.attributes
                0x00000000000004fd       0x2d c:/st/stm32cubeide_1.12.1/stm32cubeide/plugins/com.st.stm32cube.ide.mcu.externaltools.gnu-tools-for-stm32.10.3-2021.10.win32_1.0.200.202301161003/tools/bin/../lib/gcc/arm-none-eabi/10.3.1/../../../../arm-none-eabi/lib/thumb/v7-m/nofp\libc_nano.a(lib_a-strcpy.o)
 .ARM.attributes
                0x000000000000052a       0x17 c:/st/stm32cubeide_1.12.1/stm32cubeide/plugins/com.st.stm32cube.ide.mcu.externaltools.gnu-tools-for-stm32.10.3-2021.10.win32_1.0.200.202301161003/tools/bin/../lib/gcc/arm-none-eabi/10.3.1/../../../../arm-none-eabi/lib/thumb/v7-m/nofp\libc_nano.a(lib_a-strlen.o)
 .ARM.attributes
                0x0000000000000541       0x2d c:/st/stm32cubeide_1.12.1/stm32cubeide/plugins/com.st.stm32cube.ide.mcu.externaltools.gnu-tools-for-stm32.10.3-2021.10.win32_1.0.200.202301161003/tools/bin/../lib/gcc/arm-none-eabi/10.3.1/../../../../arm-none-eabi/lib/thumb/v7-m/nofp\libc_nano.a(lib_a-strpbrk.o)
 .ARM.attributes
                0x000000000000056e       0x2d c:/st/stm32cubeide_1.12.1/stm32cubeide/plugins/com.st.stm32cube.ide.mcu.externaltools.gnu-tools-for-stm32.10.3-2021.10.win32_1.0.200.202301161003/tools/bin/../lib/gcc/arm-none-eabi/10.3.1/../../../../arm-none-eabi/lib/thumb/v7-m/nofp\libc_nano.a(lib_a-strstr.o)
 .ARM.attributes
                0x000000000000059b       0x2d c:/st/stm32cubeide_1.12.1/stm32cubeide/plugins/com.st.stm32cube.ide.mcu.externaltools.gnu-tools-for-stm32.10.3-2021.10.win32_1.0.200.202301161003/tools/bin/../lib/gcc/arm-none-eabi/10.3.1/../../../../arm-none-eabi/lib/thumb/v7-m/nofp\libc_nano.a(lib_a-strtok.o)
 .ARM.attributes
                0x00000000000005c8       0x2d c:/st/stm32cubeide_1.12.1/stm32cubeide/plugins/com.st.stm32cube.ide.mcu.externaltools.gnu-tools-for-stm32.10.3-2021.10.win32_1.0.200.202301161003/tools/bin/../lib/gcc/arm-none-eabi/10.3.1/../../../../arm-none-eabi/lib/thumb/v7-m/nofp\libc_nano.a(lib_a-strtok_r.o)
 .ARM.attributes
                0x00000000000005f5       0x2d c:/st/stm32cubeide_1.12.1/stm32cubeide/plugins/com.st.stm32cube.ide.mcu.externaltools.gnu-tools-for-stm32.10.3-2021.10.win32_1.0.200.202301161003/tools/bin/../lib/gcc/arm-none-eabi/10.3.1/../../../../arm-none-eabi/lib/thumb/v7-m/nofp\libc_nano.a(lib_a-writer.o)
 .ARM.attributes
                0x0000000000000622       0x2d c:/st/stm32cubeide_1.12.1/stm32cubeide/plugins/com.st.stm32cube.ide.mcu.externaltools.gnu-tools-for-stm32.10.3-2021.10.win32_1.0.200.202301161003/tools/bin/../lib/gcc/arm-none-eabi/10.3.1/../../../../arm-none-eabi/lib/thumb/v7-m/nofp\libc_nano.a(lib_a-assert.o)
 .ARM.attributes
                0x000000000000064f       0x2d c:/st/stm32cubeide_1.12.1/stm32cubeide/plugins/com.st.stm32cube.ide.mcu.externaltools.gnu-tools-for-stm32.10.3-2021.10.win32_1.0.200.202301161003/tools/bin/../lib/gcc/arm-none-eabi/10.3.1/../../../../arm-none-eabi/lib/thumb/v7-m/nofp\libc_nano.a(lib_a-closer.o)
 .ARM.attributes
                0x000000000000067c       0x2d c:/st/stm32cubeide_1.12.1/stm32cubeide/plugins/com.st.stm32cube.ide.mcu.externaltools.gnu-tools-for-stm32.10.3-2021.10.win32_1.0.200.202301161003/tools/bin/../lib/gcc/arm-none-eabi/10.3.1/../../../../arm-none-eabi/lib/thumb/v7-m/nofp\libc_nano.a(lib_a-fprintf.o)
 .ARM.attributes
                0x00000000000006a9       0x2d c:/st/stm32cubeide_1.12.1/stm32cubeide/plugins/com.st.stm32cube.ide.mcu.externaltools.gnu-tools-for-stm32.10.3-2021.10.win32_1.0.200.202301161003/tools/bin/../lib/gcc/arm-none-eabi/10.3.1/../../../../arm-none-eabi/lib/thumb/v7-m/nofp\libc_nano.a(lib_a-lseekr.o)
 .ARM.attributes
                0x00000000000006d6       0x2d c:/st/stm32cubeide_1.12.1/stm32cubeide/plugins/com.st.stm32cube.ide.mcu.externaltools.gnu-tools-for-stm32.10.3-2021.10.win32_1.0.200.202301161003/tools/bin/../lib/gcc/arm-none-eabi/10.3.1/../../../../arm-none-eabi/lib/thumb/v7-m/nofp\libc_nano.a(lib_a-malloc.o)
 .ARM.attributes
                0x0000000000000703       0x2d c:/st/stm32cubeide_1.12.1/stm32cubeide/plugins/com.st.stm32cube.ide.mcu.externaltools.gnu-tools-for-stm32.10.3-2021.10.win32_1.0.200.202301161003/tools/bin/../lib/gcc/arm-none-eabi/10.3.1/../../../../arm-none-eabi/lib/thumb/v7-m/nofp\libc_nano.a(lib_a-nano-freer.o)
 .ARM.attributes
                0x0000000000000730       0x2d c:/st/stm32cubeide_1.12.1/stm32cubeide/plugins/com.st.stm32cube.ide.mcu.externaltools.gnu-tools-for-stm32.10.3-2021.10.win32_1.0.200.202301161003/tools/bin/../lib/gcc/arm-none-eabi/10.3.1/../../../../arm-none-eabi/lib/thumb/v7-m/nofp\libc_nano.a(lib_a-nano-mallocr.o)
 .ARM.attributes
                0x000000000000075d       0x2d c:/st/stm32cubeide_1.12.1/stm32cubeide/plugins/com.st.stm32cube.ide.mcu.externaltools.gnu-tools-for-stm32.10.3-2021.10.win32_1.0.200.202301161003/tools/bin/../lib/gcc/arm-none-eabi/10.3.1/../../../../arm-none-eabi/lib/thumb/v7-m/nofp\libc_nano.a(lib_a-nano-svfprintf.o)
 .ARM.attributes
                0x000000000000078a       0x2d c:/st/stm32cubeide_1.12.1/stm32cubeide/plugins/com.st.stm32cube.ide.mcu.externaltools.gnu-tools-for-stm32.10.3-2021.10.win32_1.0.200.202301161003/tools/bin/../lib/gcc/arm-none-eabi/10.3.1/../../../../arm-none-eabi/lib/thumb/v7-m/nofp\libc_nano.a(lib_a-nano-svfscanf.o)
 .ARM.attributes
                0x00000000000007b7       0x2d c:/st/stm32cubeide_1.12.1/stm32cubeide/plugins/com.st.stm32cube.ide.mcu.externaltools.gnu-tools-for-stm32.10.3-2021.10.win32_1.0.200.202301161003/tools/bin/../lib/gcc/arm-none-eabi/10.3.1/../../../../arm-none-eabi/lib/thumb/v7-m/nofp\libc_nano.a(lib_a-nano-vfprintf.o)
 .ARM.attributes
                0x00000000000007e4       0x2d c:/st/stm32cubeide_1.12.1/stm32cubeide/plugins/com.st.stm32cube.ide.mcu.externaltools.gnu-tools-for-stm32.10.3-2021.10.win32_1.0.200.202301161003/tools/bin/../lib/gcc/arm-none-eabi/10.3.1/../../../../arm-none-eabi/lib/thumb/v7-m/nofp\libc_nano.a(lib_a-nano-vfprintf_i.o)
 .ARM.attributes
                0x0000000000000811       0x2d c:/st/stm32cubeide_1.12.1/stm32cubeide/plugins/com.st.stm32cube.ide.mcu.externaltools.gnu-tools-for-stm32.10.3-2021.10.win32_1.0.200.202301161003/tools/bin/../lib/gcc/arm-none-eabi/10.3.1/../../../../arm-none-eabi/lib/thumb/v7-m/nofp\libc_nano.a(lib_a-nano-vfscanf_i.o)
 .ARM.attributes
                0x000000000000083e       0x2d c:/st/stm32cubeide_1.12.1/stm32cubeide/plugins/com.st.stm32cube.ide.mcu.externaltools.gnu-tools-for-stm32.10.3-2021.10.win32_1.0.200.202301161003/tools/bin/../lib/gcc/arm-none-eabi/10.3.1/../../../../arm-none-eabi/lib/thumb/v7-m/nofp\libc_nano.a(lib_a-readr.o)
 .ARM.attributes
                0x000000000000086b       0x2d c:/st/stm32cubeide_1.12.1/stm32cubeide/plugins/com.st.stm32cube.ide.mcu.externaltools.gnu-tools-for-stm32.10.3-2021.10.win32_1.0.200.202301161003/tools/bin/../lib/gcc/arm-none-eabi/10.3.1/../../../../arm-none-eabi/lib/thumb/v7-m/nofp\libc_nano.a(lib_a-reent.o)
 .ARM.attributes
                0x0000000000000898       0x2d c:/st/stm32cubeide_1.12.1/stm32cubeide/plugins/com.st.stm32cube.ide.mcu.externaltools.gnu-tools-for-stm32.10.3-2021.10.win32_1.0.200.202301161003/tools/bin/../lib/gcc/arm-none-eabi/10.3.1/../../../../arm-none-eabi/lib/thumb/v7-m/nofp\libc_nano.a(lib_a-sbrkr.o)
 .ARM.attributes
                0x00000000000008c5       0x2d c:/st/stm32cubeide_1.12.1/stm32cubeide/plugins/com.st.stm32cube.ide.mcu.externaltools.gnu-tools-for-stm32.10.3-2021.10.win32_1.0.200.202301161003/tools/bin/../lib/gcc/arm-none-eabi/10.3.1/../../../../arm-none-eabi/lib/thumb/v7-m/nofp\libc_nano.a(lib_a-sccl.o)
 .ARM.attributes
                0x00000000000008f2       0x2d c:/st/stm32cubeide_1.12.1/stm32cubeide/plugins/com.st.stm32cube.ide.mcu.externaltools.gnu-tools-for-stm32.10.3-2021.10.win32_1.0.200.202301161003/tools/bin/../lib/gcc/arm-none-eabi/10.3.1/../../../../arm-none-eabi/lib/thumb/v7-m/nofp\libc_nano.a(lib_a-strtol.o)
 .ARM.attributes
                0x000000000000091f       0x2d c:/st/stm32cubeide_1.12.1/stm32cubeide/plugins/com.st.stm32cube.ide.mcu.externaltools.gnu-tools-for-stm32.10.3-2021.10.win32_1.0.200.202301161003/tools/bin/../lib/gcc/arm-none-eabi/10.3.1/../../../../arm-none-eabi/lib/thumb/v7-m/nofp\libc_nano.a(lib_a-strtoul.o)
 .ARM.attributes
                0x000000000000094c       0x2d c:/st/stm32cubeide_1.12.1/stm32cubeide/plugins/com.st.stm32cube.ide.mcu.externaltools.gnu-tools-for-stm32.10.3-2021.10.win32_1.0.200.202301161003/tools/bin/../lib/gcc/arm-none-eabi/10.3.1/../../../../arm-none-eabi/lib/thumb/v7-m/nofp\libc_nano.a(lib_a-ungetc.o)
 .ARM.attributes
                0x0000000000000979       0x2d c:/st/stm32cubeide_1.12.1/stm32cubeide/plugins/com.st.stm32cube.ide.mcu.externaltools.gnu-tools-for-stm32.10.3-2021.10.win32_1.0.200.202301161003/tools/bin/../lib/gcc/arm-none-eabi/10.3.1/../../../../arm-none-eabi/lib/thumb/v7-m/nofp\libc_nano.a(lib_a-wbuf.o)
 .ARM.attributes
                0x00000000000009a6       0x2d c:/st/stm32cubeide_1.12.1/stm32cubeide/plugins/com.st.stm32cube.ide.mcu.externaltools.gnu-tools-for-stm32.10.3-2021.10.win32_1.0.200.202301161003/tools/bin/../lib/gcc/arm-none-eabi/10.3.1/../../../../arm-none-eabi/lib/thumb/v7-m/nofp\libc_nano.a(lib_a-wsetup.o)
 .ARM.attributes