startup_stm32f103c8.c:18:6:Reset_Handler	24	static
startup_stm32f103c8.c:39:6:Default_Handler	4	static
startup_stm32f103c8.c:43:28:NMI_Handler	8	static
startup_stm32f103c8.c:44:28:HardFault_Handler	8	static
startup_stm32f103c8.c:45:28:MemManage_Handler	8	static
startup_stm32f103c8.c:46:28:BusFault_Handler	8	static
startup_stm32f103c8.c:47:28:UsageFault_Handler	8	static
startup_stm32f103c8.c:48:28:SVC_Handler	8	static
startup_stm32f103c8.c:49:28:DebugMon_Handler	8	static
startup_stm32f103c8.c:50:28:PendSV_Handler	8	static
startup_stm32f103c8.c:51:28:SysTick_Handler	8	static
startup_stm32f103c8.c:52:28:WWDG_IRQHandler	8	static
startup_stm32f103c8.c:53:28:PVD_IRQHandler	8	static
startup_stm32f103c8.c:54:28:TAMPER_IRQHandler	8	static
startup_stm32f103c8.c:55:28:RTC_IRQHandler	8	static
startup_stm32f103c8.c:56:28:FLASH_IRQHandler	8	static
startup_stm32f103c8.c:57:28:RCC_IRQHandler	8	static
startup_stm32f103c8.c:58:28:EXTI0_IRQHandler	8	static
startup_stm32f103c8.c:59:28:EXTI1_IRQHandler	8	static
startup_stm32f103c8.c:60:28:EXTI2_IRQHandler	8	static
startup_stm32f103c8.c:61:28:EXTI3_IRQHandler	8	static
startup_stm32f103c8.c:62:28:EXTI4_IRQHandler	8	static
startup_stm32f103c8.c:63:28:DMA1_Channel1_IRQHandler	8	static
startup_stm32f103c8.c:64:28:DMA1_Channel2_IRQHandler	8	static
startup_stm32f103c8.c:65:28:DMA1_Channel3_IRQHandler	8	static
startup_stm32f103c8.c:66:28:DMA1_Channel4_IRQHandler	8	static
startup_stm32f103c8.c:67:28:DMA1_Channel5_IRQHandler	8	static
startup_stm32f103c8.c:68:28:DMA1_Channel6_IRQHandler	8	static
startup_stm32f103c8.c:69:28:DMA1_Channel7_IRQHandler	8	static
startup_stm32f103c8.c:70:28:ADC1_2_IRQHandler	8	static
startup_stm32f103c8.c:71:28:USB_HP_CAN_TX_IRQHandler	8	static
startup_stm32f103c8.c:72:28:USB_LP_CAN_RX0_IRQHandler	8	static
startup_stm32f103c8.c:73:28:CAN_RX1_IRQHandler	8	static
startup_stm32f103c8.c:74:28:CAN_SCE_IRQHandler	8	static
startup_stm32f103c8.c:75:28:EXTI9_5_IRQHandler	8	static
startup_stm32f103c8.c:76:28:TIM1_BRK_IRQHandler	8	static
startup_stm32f103c8.c:77:28:TIM1_UP_IRQHandler	8	static
startup_stm32f103c8.c:78:28:TIM1_TRG_COM_IRQHandler	8	static
startup_stm32f103c8.c:79:28:TIM1_CC_IRQHandler	8	static
startup_stm32f103c8.c:80:28:TIM2_IRQHandler	8	static
startup_stm32f103c8.c:81:28:TIM3_IRQHandler	8	static
startup_stm32f103c8.c:82:28:TIM4_IRQHandler	8	static
startup_stm32f103c8.c:83:28:I2C1_EV_IRQHandler	8	static
startup_stm32f103c8.c:84:28:I2C1_ER_IRQHandler	8	static
startup_stm32f103c8.c:85:28:I2C2_EV_IRQHandler	8	static
startup_stm32f103c8.c:86:28:I2C2_ER_IRQHandler	8	static
startup_stm32f103c8.c:87:28:SPI1_IRQHandler	8	static
startup_stm32f103c8.c:88:28:SPI2_IRQHandler	8	static
startup_stm32f103c8.c:89:28:USART1_IRQHandler	8	static
startup_stm32f103c8.c:90:28:USART2_IRQHandler	8	static
startup_stm32f103c8.c:91:28:USART3_IRQHandler	8	static
startup_stm32f103c8.c:92:28:EXTI15_10_IRQHandler	8	static
startup_stm32f103c8.c:93:28:RTCAlarm_IRQHandler	8	static
startup_stm32f103c8.c:94:28:TIM8_BRK_IRQHandler	8	static
startup_stm32f103c8.c:95:28:TIM8_UP_IRQHandler	8	static
startup_stm32f103c8.c:96:28:TIM8_TRG_COM_IRQHandler	8	static
startup_stm32f103c8.c:97:28:TIM8_CC_IRQHandler	8	static
startup_stm32f103c8.c:98:28:ADC3_IRQHandler	8	static
startup_stm32f103c8.c:99:28:FSMC_IRQHandler	8	static
startup_stm32f103c8.c:100:28:SDIO_IRQHandler	8	static
startup_stm32f103c8.c:101:28:TIM5_IRQHandler	8	static
startup_stm32f103c8.c:102:28:SPI3_IRQHandler	8	static
startup_stm32f103c8.c:103:28:UART4_IRQHandler	8	static
startup_stm32f103c8.c:104:28:UART5_IRQHandler	8	static
startup_stm32f103c8.c:105:28:TIM6_IRQHandler	8	static
startup_stm32f103c8.c:106:28:TIM7_IRQHandler	8	static
startup_stm32f103c8.c:107:28:DMA2_Channel1_IRQHandler	8	static
startup_stm32f103c8.c:108:28:DMA2_Channel2_IRQHandler	8	static
startup_stm32f103c8.c:109:28:DMA2_Channel3_IRQHandler	8	static
startup_stm32f103c8.c:110:28:DMA2_Channel4_5_IRQHandler	8	static
